{
  "quality": {
    "last": {
      "bars": 44349,
      "conflicts": 0,
      "failed_requests": []
    },
    "index": {
      "bars": 44349,
      "conflicts": 0,
      "failed_requests": []
    },
    "fair": {
      "bars": 44349,
      "conflicts": 0,
      "failed_requests": []
    }
  },
  "common_bars": 44349,
  "splits": {
    "Discovery": {
      "days": 16,
      "start_day": 20700,
      "end_day": 20715
    },
    "OOS": {
      "days": 8,
      "start_day": 20716,
      "end_day": 20723
    },
    "Holdout": {
      "days": 8,
      "start_day": 20724,
      "end_day": 20731
    }
  },
  "funding": {
    "settlements": 848,
    "first": 1753286400,
    "last": 1791187200
  },
  "verdicts": {
    "H1": "BLOCKED: aligned Nasdaq/share and confirmed historical dependency/normalized token rail unavailable",
    "H2": "BLOCKED: historical execution BBO/L2 and known-at-T publication timing unavailable; 1m diagnostic only",
    "H3": "BLOCKED: token bars obtainable but total-return/share normalization, dated index dependency and executable costs missing",
    "H4": "BLOCKED: session calendar/earnings timestamps and execution history unavailable; no event-specific outcomes selected",
    "H5": "BLOCKED: no confirmed second interchangeable NVDA MEXC future",
    "global": "BLOCKED",
    "H2_index_fixed_1m_rule": "BLOCKED: not an executable edge; magnitude/cost/source gates unresolved",
    "H2_fair_magnitude": "NO_EDGE"
  }
}
index {
  "Discovery": {
    "max_abs_residual_bps": 44.21326397919367,
    "above_16": 2114,
    "above_20": 1197,
    "fee_only": {
      "signals": 241,
      "active_days": 4,
      "mean_bps": -15.6688697898569,
      "ci99_day_block": null
    },
    "reverse": {
      "signals": 241,
      "active_days": 4,
      "mean_bps": -16.3311302101431,
      "ci99_day_block": null
    },
    "day_shift": {
      "signals": 241,
      "active_days": 4,
      "mean_bps": -15.09949383302296,
      "ci99_day_block": null
    },
    "extra_delay": {
      "signals": 212,
      "active_days": 4,
      "mean_bps": -15.656948444064884,
      "ci99_day_block": null
    }
  },
  "OOS": {
    "max_abs_residual_bps": 30.636150657776806,
    "above_16": 111,
    "above_20": 21,
    "fee_only": {
      "signals": 8,
      "active_days": 1,
      "mean_bps": -11.47643422938198,
      "ci99_day_block": null
    },
    "reverse": {
      "signals": 8,
      "active_days": 1,
      "mean_bps": -20.52356577061802,
      "ci99_day_block": null
    },
    "day_shift": {
      "signals": 8,
      "active_days": 1,
      "mean_bps": -18.675164831130587,
      "ci99_day_block": null
    },
    "extra_delay": {
      "signals": 7,
      "active_days": 1,
      "mean_bps": -15.164165796299455,
      "ci99_day_block": null
    }
  },
  "Holdout": {
    "max_abs_residual_bps": 21.11977931985809,
    "above_16": 20,
    "above_20": 1,
    "fee_only": {
      "signals": 1,
      "active_days": 1,
      "mean_bps": -2.2365591397850295,
      "ci99_day_block": null
    },
    "reverse": {
      "signals": 1,
      "active_days": 1,
      "mean_bps": -29.76344086021497,
      "ci99_day_block": null
    },
    "day_shift": {
      "signals": 1,
      "active_days": 1,
      "mean_bps": -13.016960709110833,
      "ci99_day_block": null
    },
    "extra_delay": {
      "signals": 1,
      "active_days": 1,
      "mean_bps": -3.9528439893294767,
      "ci99_day_block": null
    }
  }
}
fair {
  "Discovery": {
    "max_abs_residual_bps": 14.370480252179352,
    "above_16": 0,
    "above_20": 0,
    "fee_only": {
      "signals": 0,
      "active_days": 0,
      "mean_bps": null,
      "ci99_day_block": null
    },
    "reverse": {
      "signals": 0,
      "active_days": 0,
      "mean_bps": null,
      "ci99_day_block": null
    },
    "day_shift": {
      "signals": 0,
      "active_days": 0,
      "mean_bps": null,
      "ci99_day_block": null
    },
    "extra_delay": {
      "signals": 0,
      "active_days": 0,
      "mean_bps": null,
      "ci99_day_block": null
    }
  },
  "OOS": {
    "max_abs_residual_bps": 10.383278407295471,
    "above_16": 0,
    "above_20": 0,
    "fee_only": {
      "signals": 0,
      "active_days": 0,
      "mean_bps": null,
      "ci99_day_block": null
    },
    "reverse": {
      "signals": 0,
      "active_days": 0,
      "mean_bps": null,
      "ci99_day_block": null
    },
    "day_shift": {
      "signals": 0,
      "active_days": 0,
      "mean_bps": null,
      "ci99_day_block": null
    },
    "extra_delay": {
      "signals": 0,
      "active_days": 0,
      "mean_bps": null,
      "ci99_day_block": null
    }
  },
  "Holdout": {
    "max_abs_residual_bps": 10.622025832767168,
    "above_16": 0,
    "above_20": 0,
    "fee_only": {
      "signals": 0,
      "active_days": 0,
      "mean_bps": null,
      "ci99_day_block": null
    },
    "reverse": {
      "signals": 0,
      "active_days": 0,
      "mean_bps": null,
      "ci99_day_block": null
    },
    "day_shift": {
      "signals": 0,
      "active_days": 0,
      "mean_bps": null,
      "ci99_day_block": null
    },
    "extra_delay": {
      "signals": 0,
      "active_days": 0,
      "mean_bps": null,
      "ci99_day_block": null
    }
  }
}
