2026-10-01T13:05:15.4406211Z Current runner version: '2.337.0'
2026-10-01T13:05:15.4442664Z ##[group]Runner Image Provisioner
2026-10-01T13:05:15.4444060Z Hosted Compute Agent
2026-10-01T13:05:15.4445235Z Version: 20260901.588
2026-10-01T13:05:15.4446440Z Commit: f88ec8081b781fac6c440065ac7ff9e710ce3d0b
2026-10-01T13:05:15.4447723Z Build Date: 2026-09-01T19:56:44Z
2026-10-01T13:05:15.4449454Z Worker ID: {34ae3a14-17c2-4771-9b65-dc8e435b8439}
2026-10-01T13:05:15.4451053Z Azure Region: eastus
2026-10-01T13:05:15.4452192Z ##[endgroup]
2026-10-01T13:05:15.4454557Z ##[group]Operating System
2026-10-01T13:05:15.4455646Z Ubuntu
2026-10-01T13:05:15.4456689Z 24.04.5
2026-10-01T13:05:15.4457654Z LTS
2026-10-01T13:05:15.4458587Z ##[endgroup]
2026-10-01T13:05:15.4459756Z ##[group]Runner Image
2026-10-01T13:05:15.4461159Z Image: ubuntu-24.04
2026-10-01T13:05:15.4462296Z Version: 20260927.320.1
2026-10-01T13:05:15.4464535Z Included Software: https://github.com/actions/runner-images/blob/ubuntu24/20260927.320/images/ubuntu/Ubuntu2404-Readme.md
2026-10-01T13:05:15.4467493Z Image Release: https://github.com/actions/runner-images/releases/tag/ubuntu24%2F20260927.320
2026-10-01T13:05:15.4469265Z ##[endgroup]
2026-10-01T13:05:15.4472217Z ##[group]GITHUB_TOKEN Permissions
2026-10-01T13:05:15.4475600Z Contents: read
2026-10-01T13:05:15.4476779Z Metadata: read
2026-10-01T13:05:15.4477775Z ##[endgroup]
2026-10-01T13:05:15.4481024Z Secret source: Actions
2026-10-01T13:05:15.4482215Z Cache mode: write
2026-10-01T13:05:15.4483160Z Prepare workflow directory
2026-10-01T13:05:15.4824140Z Prepare all required actions
2026-10-01T13:05:15.4872695Z Getting action download info
2026-10-01T13:05:15.7773416Z Download action repository 'actions/checkout@v4' (SHA:11d5960a326750d5838078e36cf38b85af677262)
2026-10-01T13:05:15.8769034Z Download action repository 'actions/setup-python@v5' (SHA:a26af69be951a213d495a4c3e4e4022e16d87065)
2026-10-01T13:05:15.9569213Z Download action repository 'actions/upload-artifact@v4' (SHA:ea165f8d65b6e75b540449e92b4886f43607fa02)
2026-10-01T13:05:16.1697135Z Complete job name: source-only-capture
2026-10-01T13:05:16.2463111Z ##[group]Run actions/checkout@v4
2026-10-01T13:05:16.2464007Z with:
2026-10-01T13:05:16.2464511Z   repository: joseluisvieira28-oss/Laboratorio
2026-10-01T13:05:16.2468363Z   token: ***
2026-10-01T13:05:16.2468787Z   ssh-strict: true
2026-10-01T13:05:16.2469211Z   ssh-user: git
2026-10-01T13:05:16.2469646Z   persist-credentials: true
2026-10-01T13:05:16.2470317Z   clean: true
2026-10-01T13:05:16.2470779Z   sparse-checkout-cone-mode: true
2026-10-01T13:05:16.2471292Z   fetch-depth: 1
2026-10-01T13:05:16.2471711Z   fetch-tags: false
2026-10-01T13:05:16.2472144Z   show-progress: true
2026-10-01T13:05:16.2472578Z   lfs: false
2026-10-01T13:05:16.2472988Z   submodules: false
2026-10-01T13:05:16.2473432Z   set-safe-directory: true
2026-10-01T13:05:16.2473928Z   allow-unsafe-pr-checkout: false
2026-10-01T13:05:16.2474681Z ##[endgroup]
2026-10-01T13:05:16.3503574Z Syncing repository: joseluisvieira28-oss/Laboratorio
2026-10-01T13:05:16.3506422Z ##[group]Getting Git version info
2026-10-01T13:05:16.3507706Z Working directory is '/home/runner/work/Laboratorio/Laboratorio'
2026-10-01T13:05:16.3509550Z [command]/usr/bin/git version
2026-10-01T13:05:16.3581476Z git version 2.55.0
2026-10-01T13:05:16.3603737Z ##[endgroup]
2026-10-01T13:05:16.3631818Z Temporarily overriding HOME='/home/runner/work/_temp/3d98b4bc-f428-4e4e-bf54-ebf0dc3281f4' before making global git config changes
2026-10-01T13:05:16.3634193Z Adding repository directory to the temporary git global config as a safe directory
2026-10-01T13:05:16.3636056Z [command]/usr/bin/git config --global --add safe.directory /home/runner/work/Laboratorio/Laboratorio
2026-10-01T13:05:16.3711639Z Deleting the contents of '/home/runner/work/Laboratorio/Laboratorio'
2026-10-01T13:05:16.3714104Z ##[group]Initializing the repository
2026-10-01T13:05:16.3715513Z [command]/usr/bin/git init /home/runner/work/Laboratorio/Laboratorio
2026-10-01T13:05:16.3830567Z hint: Using 'master' as the name for the initial branch. This default branch name
2026-10-01T13:05:16.3832498Z hint: will change to "main" in Git 3.0. To configure the initial branch name
2026-10-01T13:05:16.3833524Z hint: to use in all of your new repositories, which will suppress this warning,
2026-10-01T13:05:16.3834329Z hint: call:
2026-10-01T13:05:16.3835065Z hint:
2026-10-01T13:05:16.3835620Z hint: 	git config --global init.defaultBranch <name>
2026-10-01T13:05:16.3836271Z hint:
2026-10-01T13:05:16.3836879Z hint: Names commonly chosen instead of 'master' are 'main', 'trunk' and
2026-10-01T13:05:16.3837865Z hint: 'development'. The just-created branch can be renamed via this command:
2026-10-01T13:05:16.3838653Z hint:
2026-10-01T13:05:16.3839082Z hint: 	git branch -m <name>
2026-10-01T13:05:16.3839583Z hint:
2026-10-01T13:05:16.3840476Z hint: Disable this message with "git config set advice.defaultBranchName false"
2026-10-01T13:05:16.3844206Z Initialized empty Git repository in /home/runner/work/Laboratorio/Laboratorio/.git/
2026-10-01T13:05:16.3857653Z [command]/usr/bin/git remote add origin https://github.com/joseluisvieira28-oss/Laboratorio
2026-10-01T13:05:16.3911483Z ##[endgroup]
2026-10-01T13:05:16.3912269Z ##[group]Disabling automatic garbage collection
2026-10-01T13:05:16.3916317Z [command]/usr/bin/git config --local gc.auto 0
2026-10-01T13:05:16.3949401Z ##[endgroup]
2026-10-01T13:05:16.3950537Z ##[group]Setting up auth
2026-10-01T13:05:16.3957570Z [command]/usr/bin/git config --local --name-only --get-regexp core\.sshCommand
2026-10-01T13:05:16.3992277Z [command]/usr/bin/git submodule foreach --recursive sh -c "git config --local --name-only --get-regexp 'core\.sshCommand' && git config --local --unset-all 'core.sshCommand' || :"
2026-10-01T13:05:16.4450070Z [command]/usr/bin/git config --local --name-only --get-regexp http\.https\:\/\/github\.com\/\.extraheader
2026-10-01T13:05:16.4510982Z [command]/usr/bin/git submodule foreach --recursive sh -c "git config --local --name-only --get-regexp 'http\.https\:\/\/github\.com\/\.extraheader' && git config --local --unset-all 'http.https://github.com/.extraheader' || :"
2026-10-01T13:05:16.4776583Z [command]/usr/bin/git config --local --name-only --get-regexp ^includeIf\.gitdir:
2026-10-01T13:05:16.4823418Z [command]/usr/bin/git submodule foreach --recursive git config --local --show-origin --name-only --get-regexp remote.origin.url
2026-10-01T13:05:16.5082522Z [command]/usr/bin/git config --local http.https://github.com/.extraheader AUTHORIZATION: basic ***
2026-10-01T13:05:16.5128004Z ##[endgroup]
2026-10-01T13:05:16.5129791Z ##[group]Fetching the repository
2026-10-01T13:05:16.5140041Z [command]/usr/bin/git -c protocol.version=2 fetch --no-tags --prune --no-recurse-submodules --depth=1 origin +d73ce5b6f566aab5e5c36d612b3feb818f747469:refs/remotes/origin/btc-options-vrp-free-route-attack-v0.1
2026-10-01T13:05:16.7189879Z From https://github.com/joseluisvieira28-oss/Laboratorio
2026-10-01T13:05:16.7192434Z  * [new ref]         d73ce5b6f566aab5e5c36d612b3feb818f747469 -> origin/btc-options-vrp-free-route-attack-v0.1
2026-10-01T13:05:16.7195089Z ##[endgroup]
2026-10-01T13:05:16.7195875Z ##[group]Determining the checkout info
2026-10-01T13:05:16.7203500Z ##[endgroup]
2026-10-01T13:05:16.7214249Z [command]/usr/bin/git sparse-checkout disable
2026-10-01T13:05:16.7261651Z [command]/usr/bin/git config --local --unset-all extensions.worktreeConfig
2026-10-01T13:05:16.7296327Z ##[group]Checking out the ref
2026-10-01T13:05:16.7302338Z [command]/usr/bin/git checkout --progress --force -B btc-options-vrp-free-route-attack-v0.1 refs/remotes/origin/btc-options-vrp-free-route-attack-v0.1
2026-10-01T13:05:16.7407412Z Switched to a new branch 'btc-options-vrp-free-route-attack-v0.1'
2026-10-01T13:05:16.7415275Z branch 'btc-options-vrp-free-route-attack-v0.1' set up to track 'origin/btc-options-vrp-free-route-attack-v0.1'.
2026-10-01T13:05:16.7419225Z ##[endgroup]
2026-10-01T13:05:16.7462730Z [command]/usr/bin/git log -1 --format=%H
2026-10-01T13:05:16.7488326Z d73ce5b6f566aab5e5c36d612b3feb818f747469
2026-10-01T13:05:16.7773168Z ##[group]Run actions/setup-python@v5
2026-10-01T13:05:16.7773751Z with:
2026-10-01T13:05:16.7774153Z   python-version: 3.12
2026-10-01T13:05:16.7774620Z   check-latest: false
2026-10-01T13:05:16.7778205Z   token: ***
2026-10-01T13:05:16.7778632Z   update-environment: true
2026-10-01T13:05:16.7779114Z   allow-prereleases: false
2026-10-01T13:05:16.7779589Z   freethreaded: false
2026-10-01T13:05:16.7780024Z ##[endgroup]
2026-10-01T13:05:16.9233722Z ##[group]Installed versions
2026-10-01T13:05:16.9354918Z (node:2280) [DEP0040] DeprecationWarning: The `punycode` module is deprecated. Please use a userland alternative instead.
2026-10-01T13:05:16.9357132Z Successfully set up CPython (3.12.14)
2026-10-01T13:05:16.9358735Z ##[endgroup]
2026-10-01T13:05:16.9360606Z (Use `node --trace-deprecation ...` to show where the warning was created)
2026-10-01T13:05:16.9556222Z ##[group]Run python -m py_compile labs/BTC_OPTIONS_VRP_001/forward_bbo_collector_v01.py
2026-10-01T13:05:16.9558460Z [36;1mpython -m py_compile labs/BTC_OPTIONS_VRP_001/forward_bbo_collector_v01.py[0m
2026-10-01T13:05:16.9560616Z [36;1mpython labs/BTC_OPTIONS_VRP_001/test_forward_bbo_collector_v01.py[0m
2026-10-01T13:05:16.9928525Z shell: /usr/bin/bash -e {0}
2026-10-01T13:05:16.9929391Z env:
2026-10-01T13:05:16.9930421Z   pythonLocation: /opt/hostedtoolcache/Python/3.12.14/x64
2026-10-01T13:05:16.9932044Z   PKG_CONFIG_PATH: /opt/hostedtoolcache/Python/3.12.14/x64/lib/pkgconfig
2026-10-01T13:05:16.9933656Z   Python_ROOT_DIR: /opt/hostedtoolcache/Python/3.12.14/x64
2026-10-01T13:05:16.9935070Z   Python2_ROOT_DIR: /opt/hostedtoolcache/Python/3.12.14/x64
2026-10-01T13:05:16.9936352Z   Python3_ROOT_DIR: /opt/hostedtoolcache/Python/3.12.14/x64
2026-10-01T13:05:16.9937728Z   LD_LIBRARY_PATH: /opt/hostedtoolcache/Python/3.12.14/x64/lib
2026-10-01T13:05:16.9938757Z ##[endgroup]
2026-10-01T13:05:17.2578588Z ...
2026-10-01T13:05:17.2580409Z ----------------------------------------------------------------------
2026-10-01T13:05:17.2582254Z Ran 3 tests in 0.001s
2026-10-01T13:05:17.2582958Z 
2026-10-01T13:05:17.2583378Z OK
2026-10-01T13:05:17.2755268Z ##[group]Run python - <<'PY'
2026-10-01T13:05:17.2756654Z [36;1mpython - <<'PY'[0m
2026-10-01T13:05:17.2757874Z [36;1mimport json[0m
2026-10-01T13:05:17.2759110Z [36;1mfrom pathlib import Path[0m
2026-10-01T13:05:17.2761410Z [36;1ma=json.loads(Path("labs/BTC_OPTIONS_VRP_001/FORWARD_BBO_COLLECTOR_AUTHORITY_V0.1.json").read_text())[0m
2026-10-01T13:05:17.2763560Z [36;1ms=a["safety"][0m
2026-10-01T13:05:17.2764946Z [36;1massert s["access_2026_source_only_authorized"] is True[0m
2026-10-01T13:05:17.2766483Z [36;1mfor k in [[0m
2026-10-01T13:05:17.2767930Z [36;1m    "returns_authorized","pnl_authorized","expectancy_authorized",[0m
2026-10-01T13:05:17.2770054Z [36;1m    "future_realized_variance_authorized","strategy_signal_authorized",[0m
2026-10-01T13:05:17.2772377Z [36;1m    "position_sizing_authorized","exchange_authentication_authorized",[0m
2026-10-01T13:05:17.2774494Z [36;1m    "orders_authorized","cancels_authorized","wallet_access_authorized",[0m
2026-10-01T13:05:17.2776540Z [36;1m    "exchange_mutation_authorized","live_trading_authorized",[0m
2026-10-01T13:05:17.2778129Z [36;1m    "merge_to_main_authorized"[0m
2026-10-01T13:05:17.2779330Z [36;1m]:[0m
2026-10-01T13:05:17.2780423Z [36;1m    assert s[k] is False, k[0m
2026-10-01T13:05:17.2781724Z [36;1mprint("SOURCE_ONLY_AUTHORITY_PASS")[0m
2026-10-01T13:05:17.2782987Z [36;1mPY[0m
2026-10-01T13:05:17.2847734Z shell: /usr/bin/bash -e {0}
2026-10-01T13:05:17.2848843Z env:
2026-10-01T13:05:17.2850004Z   pythonLocation: /opt/hostedtoolcache/Python/3.12.14/x64
2026-10-01T13:05:17.2852000Z   PKG_CONFIG_PATH: /opt/hostedtoolcache/Python/3.12.14/x64/lib/pkgconfig
2026-10-01T13:05:17.2853821Z   Python_ROOT_DIR: /opt/hostedtoolcache/Python/3.12.14/x64
2026-10-01T13:05:17.2855461Z   Python2_ROOT_DIR: /opt/hostedtoolcache/Python/3.12.14/x64
2026-10-01T13:05:17.2857115Z   Python3_ROOT_DIR: /opt/hostedtoolcache/Python/3.12.14/x64
2026-10-01T13:05:17.2858976Z   LD_LIBRARY_PATH: /opt/hostedtoolcache/Python/3.12.14/x64/lib
2026-10-01T13:05:17.2860544Z ##[endgroup]
2026-10-01T13:05:17.3185736Z SOURCE_ONLY_AUTHORITY_PASS
2026-10-01T13:05:17.3300650Z ##[group]Run python labs/BTC_OPTIONS_VRP_001/forward_bbo_collector_v01.py \
2026-10-01T13:05:17.3302699Z [36;1mpython labs/BTC_OPTIONS_VRP_001/forward_bbo_collector_v01.py \[0m
2026-10-01T13:05:17.3304489Z [36;1m  --output deribit_btc_options_bbo_oneshot_v01.jsonl[0m
2026-10-01T13:05:17.3369724Z shell: /usr/bin/bash -e {0}
2026-10-01T13:05:17.3371034Z env:
2026-10-01T13:05:17.3372136Z   pythonLocation: /opt/hostedtoolcache/Python/3.12.14/x64
2026-10-01T13:05:17.3373870Z   PKG_CONFIG_PATH: /opt/hostedtoolcache/Python/3.12.14/x64/lib/pkgconfig
2026-10-01T13:05:17.3375626Z   Python_ROOT_DIR: /opt/hostedtoolcache/Python/3.12.14/x64
2026-10-01T13:05:17.3377234Z   Python2_ROOT_DIR: /opt/hostedtoolcache/Python/3.12.14/x64
2026-10-01T13:05:17.3378849Z   Python3_ROOT_DIR: /opt/hostedtoolcache/Python/3.12.14/x64
2026-10-01T13:05:17.3380733Z   LD_LIBRARY_PATH: /opt/hostedtoolcache/Python/3.12.14/x64/lib
2026-10-01T13:05:17.3382116Z ##[endgroup]
2026-10-01T13:05:44.3621528Z {"captured_instrument_count": 112, "failure_count": 0, "output": "deribit_btc_options_bbo_oneshot_v01.jsonl", "snapshot_hour_utc": "2026-10-01T13:00:00+00:00", "status": "SOURCE_CAPTURED"}
2026-10-01T13:05:44.3759893Z ##[group]Run python - <<'PY'
2026-10-01T13:05:44.3760476Z [36;1mpython - <<'PY'[0m
2026-10-01T13:05:44.3760728Z [36;1mimport hashlib, json[0m
2026-10-01T13:05:44.3760987Z [36;1mfrom pathlib import Path[0m
2026-10-01T13:05:44.3761338Z [36;1mp=Path("deribit_btc_options_bbo_oneshot_v01.jsonl")[0m
2026-10-01T13:05:44.3761691Z [36;1mraw=p.read_bytes()[0m
2026-10-01T13:05:44.3762056Z [36;1mlines=[x for x in raw.decode("utf-8").splitlines() if x.strip()][0m
2026-10-01T13:05:44.3762545Z [36;1massert len(lines)==1, f"expected one snapshot, got {len(lines)}"[0m
2026-10-01T13:05:44.3762931Z [36;1mx=json.loads(lines[0])[0m
2026-10-01T13:05:44.3763235Z [36;1mreceipt={[0m
2026-10-01T13:05:44.3763551Z [36;1m    "collector_id":"OVRP-FORWARD-PUBLIC-BBO-COLLECTOR-001",[0m
2026-10-01T13:05:44.3764014Z [36;1m    "classification":"PUBLIC_FORWARD_BBO_SOURCE_CAPTURE_PASS"[0m
2026-10-01T13:05:44.3764441Z [36;1m        if x.get("captured_instrument_count",0)>0 else[0m
2026-10-01T13:05:44.3764869Z [36;1m        "PUBLIC_FORWARD_BBO_SOURCE_CAPTURE_INSUFFICIENT",[0m
2026-10-01T13:05:44.3765276Z [36;1m    "snapshot_hour_utc":x.get("snapshot_hour_utc"),[0m
2026-10-01T13:05:44.3765704Z [36;1m    "selected_instrument_count":x.get("selected_instrument_count"),[0m
2026-10-01T13:05:44.3766184Z [36;1m    "captured_instrument_count":x.get("captured_instrument_count"),[0m
2026-10-01T13:05:44.3766600Z [36;1m    "failure_count":x.get("failure_count"),[0m
2026-10-01T13:05:44.3766910Z [36;1m    "artifact_bytes":len(raw),[0m
2026-10-01T13:05:44.3767242Z [36;1m    "artifact_sha256":hashlib.sha256(raw).hexdigest(),[0m
2026-10-01T13:05:44.3767580Z [36;1m    "authenticated":False,[0m
2026-10-01T13:05:44.3767846Z [36;1m    "orders":False,[0m
2026-10-01T13:05:44.3768110Z [36;1m    "returns_computed":False,[0m
2026-10-01T13:05:44.3768378Z [36;1m    "pnl_computed":False,[0m
2026-10-01T13:05:44.3768682Z [36;1m    "market_prices_emitted_in_receipt":False,[0m
2026-10-01T13:05:44.3768979Z [36;1m}[0m
2026-10-01T13:05:44.3769292Z [36;1mPath("deribit_btc_options_bbo_oneshot_receipt_v01.json").write_text([0m
2026-10-01T13:05:44.3769747Z [36;1m    json.dumps(receipt,indent=2,sort_keys=True)+"\n"[0m
2026-10-01T13:05:44.3770226Z [36;1m)[0m
2026-10-01T13:05:44.3770499Z [36;1mprint(json.dumps(receipt,sort_keys=True))[0m
2026-10-01T13:05:44.3770940Z [36;1mif receipt["classification"]!="PUBLIC_FORWARD_BBO_SOURCE_CAPTURE_PASS":[0m
2026-10-01T13:05:44.3771347Z [36;1m    raise SystemExit(2)[0m
2026-10-01T13:05:44.3771590Z [36;1mPY[0m
2026-10-01T13:05:44.3836721Z shell: /usr/bin/bash -e {0}
2026-10-01T13:05:44.3836996Z env:
2026-10-01T13:05:44.3837280Z   pythonLocation: /opt/hostedtoolcache/Python/3.12.14/x64
2026-10-01T13:05:44.3838015Z   PKG_CONFIG_PATH: /opt/hostedtoolcache/Python/3.12.14/x64/lib/pkgconfig
2026-10-01T13:05:44.3838486Z   Python_ROOT_DIR: /opt/hostedtoolcache/Python/3.12.14/x64
2026-10-01T13:05:44.3838883Z   Python2_ROOT_DIR: /opt/hostedtoolcache/Python/3.12.14/x64
2026-10-01T13:05:44.3839286Z   Python3_ROOT_DIR: /opt/hostedtoolcache/Python/3.12.14/x64
2026-10-01T13:05:44.3839710Z   LD_LIBRARY_PATH: /opt/hostedtoolcache/Python/3.12.14/x64/lib
2026-10-01T13:05:44.3840316Z ##[endgroup]
2026-10-01T13:05:44.4186916Z {"artifact_bytes": 74976, "artifact_sha256": "846e26384f8ea5de6345713a1e3e93b1ad1ffef7b4d7788730c9792c8ca99d2d", "authenticated": false, "captured_instrument_count": 112, "classification": "PUBLIC_FORWARD_BBO_SOURCE_CAPTURE_PASS", "collector_id": "OVRP-FORWARD-PUBLIC-BBO-COLLECTOR-001", "failure_count": 0, "market_prices_emitted_in_receipt": false, "orders": false, "pnl_computed": false, "returns_computed": false, "selected_instrument_count": 112, "snapshot_hour_utc": "2026-10-01T13:00:00+00:00"}
2026-10-01T13:05:44.4286724Z ##[group]Run actions/upload-artifact@v4
2026-10-01T13:05:44.4287037Z with:
2026-10-01T13:05:44.4287308Z   name: BTC_OPTIONS_VRP_001_PUBLIC_FORWARD_BBO_ONESHOT_V0_1
2026-10-01T13:05:44.4287838Z   path: deribit_btc_options_bbo_oneshot_v01.jsonl
deribit_btc_options_bbo_oneshot_receipt_v01.json

2026-10-01T13:05:44.4288329Z   if-no-files-found: error
2026-10-01T13:05:44.4288577Z   retention-days: 30
2026-10-01T13:05:44.4288799Z   compression-level: 6
2026-10-01T13:05:44.4289016Z   overwrite: false
2026-10-01T13:05:44.4289232Z   include-hidden-files: false
2026-10-01T13:05:44.4289468Z env:
2026-10-01T13:05:44.4289726Z   pythonLocation: /opt/hostedtoolcache/Python/3.12.14/x64
2026-10-01T13:05:44.4290416Z   PKG_CONFIG_PATH: /opt/hostedtoolcache/Python/3.12.14/x64/lib/pkgconfig
2026-10-01T13:05:44.4290870Z   Python_ROOT_DIR: /opt/hostedtoolcache/Python/3.12.14/x64
2026-10-01T13:05:44.4291253Z   Python2_ROOT_DIR: /opt/hostedtoolcache/Python/3.12.14/x64
2026-10-01T13:05:44.4291691Z   Python3_ROOT_DIR: /opt/hostedtoolcache/Python/3.12.14/x64
2026-10-01T13:05:44.4292076Z   LD_LIBRARY_PATH: /opt/hostedtoolcache/Python/3.12.14/x64/lib
2026-10-01T13:05:44.4292403Z ##[endgroup]
2026-10-01T13:05:44.5925531Z (node:2335) [DEP0040] DeprecationWarning: The `punycode` module is deprecated. Please use a userland alternative instead.
2026-10-01T13:05:44.5926963Z (Use `node --trace-deprecation ...` to show where the warning was created)
2026-10-01T13:05:44.5998121Z Multiple search paths detected. Calculating the least common ancestor of all paths
2026-10-01T13:05:44.6007289Z The least common ancestor is /home/runner/work/Laboratorio/Laboratorio. This will be the root directory of the artifact
2026-10-01T13:05:44.6021127Z With the provided path, there will be 2 files uploaded
2026-10-01T13:05:44.6022940Z Artifact name is valid!
2026-10-01T13:05:44.6023890Z Root directory input is valid!
2026-10-01T13:05:44.7891814Z Beginning upload of artifact content to blob storage
2026-10-01T13:05:44.8137832Z (node:2335) [DEP0169] DeprecationWarning: `url.parse()` behavior is not standardized and prone to errors that have security implications. Use the WHATWG URL API instead. CVEs are not issued for `url.parse()` vulnerabilities.
2026-10-01T13:05:44.8396547Z Uploaded bytes 8625
2026-10-01T13:05:44.8556390Z Finished uploading artifact content to blob storage!
2026-10-01T13:05:44.8558232Z SHA256 digest of uploaded artifact zip is e73ce8e0ed6758f7e8793226c0bbec124f1d919a81ad946b0ec46d9a44085e1c
2026-10-01T13:05:44.8560424Z Finalizing artifact upload
2026-10-01T13:05:45.0819223Z Artifact BTC_OPTIONS_VRP_001_PUBLIC_FORWARD_BBO_ONESHOT_V0_1.zip successfully finalized. Artifact ID 11164021281
2026-10-01T13:05:45.0821704Z Artifact BTC_OPTIONS_VRP_001_PUBLIC_FORWARD_BBO_ONESHOT_V0_1 has been successfully uploaded! Final size is 8625 bytes. Artifact ID is 11164021281
2026-10-01T13:05:45.0827610Z Artifact download URL: https://github.com/joseluisvieira28-oss/Laboratorio/actions/runs/35458192591/artifacts/11164021281
2026-10-01T13:05:45.1068841Z Post job cleanup.
2026-10-01T13:05:45.2275093Z (node:2349) [DEP0040] DeprecationWarning: The `punycode` module is deprecated. Please use a userland alternative instead.
2026-10-01T13:05:45.2276577Z (Use `node --trace-deprecation ...` to show where the warning was created)
2026-10-01T13:05:45.2458478Z Post job cleanup.
2026-10-01T13:05:45.3391110Z [command]/usr/bin/git version
2026-10-01T13:05:45.3451073Z git version 2.55.0
2026-10-01T13:05:45.3551604Z Temporarily overriding HOME='/home/runner/work/_temp/bc2b2eb2-be94-4fd5-a3b7-110ec5726a37' before making global git config changes
2026-10-01T13:05:45.3571269Z Adding repository directory to the temporary git global config as a safe directory
2026-10-01T13:05:45.3592968Z [command]/usr/bin/git config --global --add safe.directory /home/runner/work/Laboratorio/Laboratorio
2026-10-01T13:05:45.3595033Z [command]/usr/bin/git config --local --name-only --get-regexp core\.sshCommand
2026-10-01T13:05:45.3596754Z [command]/usr/bin/git submodule foreach --recursive sh -c "git config --local --name-only --get-regexp 'core\.sshCommand' && git config --local --unset-all 'core.sshCommand' || :"
2026-10-01T13:05:45.3852331Z [command]/usr/bin/git config --local --name-only --get-regexp http\.https\:\/\/github\.com\/\.extraheader
2026-10-01T13:05:45.3885776Z http.https://github.com/.extraheader
2026-10-01T13:05:45.3909730Z [command]/usr/bin/git config --local --unset-all http.https://github.com/.extraheader
2026-10-01T13:05:45.3945958Z [command]/usr/bin/git submodule foreach --recursive sh -c "git config --local --name-only --get-regexp 'http\.https\:\/\/github\.com\/\.extraheader' && git config --local --unset-all 'http.https://github.com/.extraheader' || :"
2026-10-01T13:05:45.4203351Z [command]/usr/bin/git config --local --name-only --get-regexp ^includeIf\.gitdir:
2026-10-01T13:05:45.4244319Z [command]/usr/bin/git submodule foreach --recursive git config --local --show-origin --name-only --get-regexp remote.origin.url
2026-10-01T13:05:45.4740072Z Cleaning up orphan processes
2026-10-01T13:05:45.5145040Z ##[warning]Node.js 20 is deprecated. The following actions target Node.js 20 but are being forced to run on Node.js 24: actions/checkout@v4, actions/setup-python@v5, actions/upload-artifact@v4. For more information see: https://github.blog/changelog/2025-09-19-deprecation-of-node-20-on-github-actions-runners/

