2026-10-01T13:15:21.5407408Z Current runner version: '2.337.0'
2026-10-01T13:15:21.5432211Z ##[group]Runner Image Provisioner
2026-10-01T13:15:21.5433162Z Hosted Compute Agent
2026-10-01T13:15:21.5433737Z Version: 20260901.588
2026-10-01T13:15:21.5434510Z Commit: f88ec8081b781fac6c440065ac7ff9e710ce3d0b
2026-10-01T13:15:21.5435496Z Build Date: 2026-09-01T19:56:44Z
2026-10-01T13:15:21.5436305Z Worker ID: {ada28683-a245-4d5a-b11e-1daf04f4ce02}
2026-10-01T13:15:21.5437051Z Azure Region: westus
2026-10-01T13:15:21.5437603Z ##[endgroup]
2026-10-01T13:15:21.5439311Z ##[group]Operating System
2026-10-01T13:15:21.5439951Z Ubuntu
2026-10-01T13:15:21.5440538Z 24.04.5
2026-10-01T13:15:21.5441089Z LTS
2026-10-01T13:15:21.5441605Z ##[endgroup]
2026-10-01T13:15:21.5442211Z ##[group]Runner Image
2026-10-01T13:15:21.5442855Z Image: ubuntu-24.04
2026-10-01T13:15:21.5443486Z Version: 20260927.320.1
2026-10-01T13:15:21.5444773Z Included Software: https://github.com/actions/runner-images/blob/ubuntu24/20260927.320/images/ubuntu/Ubuntu2404-Readme.md
2026-10-01T13:15:21.5446745Z Image Release: https://github.com/actions/runner-images/releases/tag/ubuntu24%2F20260927.320
2026-10-01T13:15:21.5447717Z ##[endgroup]
2026-10-01T13:15:21.5448853Z ##[group]GITHUB_TOKEN Permissions
2026-10-01T13:15:21.5451026Z Contents: read
2026-10-01T13:15:21.5452015Z Metadata: read
2026-10-01T13:15:21.5452626Z ##[endgroup]
2026-10-01T13:15:21.5454722Z Secret source: Actions
2026-10-01T13:15:21.5456034Z Cache mode: write
2026-10-01T13:15:21.5456739Z Prepare workflow directory
2026-10-01T13:15:21.5814311Z Prepare all required actions
2026-10-01T13:15:21.5888363Z Getting action download info
2026-10-01T13:15:21.9758820Z Download action repository 'actions/checkout@v4' (SHA:11d5960a326750d5838078e36cf38b85af677262)
2026-10-01T13:15:22.0939300Z Download action repository 'actions/setup-python@v5' (SHA:a26af69be951a213d495a4c3e4e4022e16d87065)
2026-10-01T13:15:22.1698366Z Download action repository 'actions/upload-artifact@v4' (SHA:ea165f8d65b6e75b540449e92b4886f43607fa02)
2026-10-01T13:15:22.3896143Z Complete job name: census
2026-10-01T13:15:22.4689581Z ##[group]Run actions/checkout@v4
2026-10-01T13:15:22.4690471Z with:
2026-10-01T13:15:22.4690965Z   repository: joseluisvieira28-oss/Laboratorio
2026-10-01T13:15:22.4694877Z   token: ***
2026-10-01T13:15:22.4695603Z   ssh-strict: true
2026-10-01T13:15:22.4696050Z   ssh-user: git
2026-10-01T13:15:22.4696503Z   persist-credentials: true
2026-10-01T13:15:22.4696986Z   clean: true
2026-10-01T13:15:22.4697440Z   sparse-checkout-cone-mode: true
2026-10-01T13:15:22.4697960Z   fetch-depth: 1
2026-10-01T13:15:22.4698388Z   fetch-tags: false
2026-10-01T13:15:22.4698841Z   show-progress: true
2026-10-01T13:15:22.4699289Z   lfs: false
2026-10-01T13:15:22.4699701Z   submodules: false
2026-10-01T13:15:22.4700146Z   set-safe-directory: true
2026-10-01T13:15:22.4700647Z   allow-unsafe-pr-checkout: false
2026-10-01T13:15:22.4701436Z ##[endgroup]
2026-10-01T13:15:22.5722580Z Syncing repository: joseluisvieira28-oss/Laboratorio
2026-10-01T13:15:22.5725347Z ##[group]Getting Git version info
2026-10-01T13:15:22.5726407Z Working directory is '/home/runner/work/Laboratorio/Laboratorio'
2026-10-01T13:15:22.5727660Z [command]/usr/bin/git version
2026-10-01T13:15:22.5846273Z git version 2.55.0
2026-10-01T13:15:22.5878186Z ##[endgroup]
2026-10-01T13:15:22.5888668Z Temporarily overriding HOME='/home/runner/work/_temp/61db99ad-3ab1-407f-9108-698c0525439e' before making global git config changes
2026-10-01T13:15:22.5890293Z Adding repository directory to the temporary git global config as a safe directory
2026-10-01T13:15:22.5894757Z [command]/usr/bin/git config --global --add safe.directory /home/runner/work/Laboratorio/Laboratorio
2026-10-01T13:15:22.5951509Z Deleting the contents of '/home/runner/work/Laboratorio/Laboratorio'
2026-10-01T13:15:22.5956920Z ##[group]Initializing the repository
2026-10-01T13:15:22.5962080Z [command]/usr/bin/git init /home/runner/work/Laboratorio/Laboratorio
2026-10-01T13:15:22.6092929Z hint: Using 'master' as the name for the initial branch. This default branch name
2026-10-01T13:15:22.6101826Z hint: will change to "main" in Git 3.0. To configure the initial branch name
2026-10-01T13:15:22.6106651Z hint: to use in all of your new repositories, which will suppress this warning,
2026-10-01T13:15:22.6108329Z hint: call:
2026-10-01T13:15:22.6109476Z hint:
2026-10-01T13:15:22.6110638Z hint: 	git config --global init.defaultBranch <name>
2026-10-01T13:15:22.6112028Z hint:
2026-10-01T13:15:22.6113294Z hint: Names commonly chosen instead of 'master' are 'main', 'trunk' and
2026-10-01T13:15:22.6115712Z hint: 'development'. The just-created branch can be renamed via this command:
2026-10-01T13:15:22.6117422Z hint:
2026-10-01T13:15:22.6118484Z hint: 	git branch -m <name>
2026-10-01T13:15:22.6119665Z hint:
2026-10-01T13:15:22.6121186Z hint: Disable this message with "git config set advice.defaultBranchName false"
2026-10-01T13:15:22.6123853Z Initialized empty Git repository in /home/runner/work/Laboratorio/Laboratorio/.git/
2026-10-01T13:15:22.6127953Z [command]/usr/bin/git remote add origin https://github.com/joseluisvieira28-oss/Laboratorio
2026-10-01T13:15:22.6185758Z ##[endgroup]
2026-10-01T13:15:22.6188132Z ##[group]Disabling automatic garbage collection
2026-10-01T13:15:22.6197528Z [command]/usr/bin/git config --local gc.auto 0
2026-10-01T13:15:22.6273084Z ##[endgroup]
2026-10-01T13:15:22.6274614Z ##[group]Setting up auth
2026-10-01T13:15:22.6288497Z [command]/usr/bin/git config --local --name-only --get-regexp core\.sshCommand
2026-10-01T13:15:22.6332479Z [command]/usr/bin/git submodule foreach --recursive sh -c "git config --local --name-only --get-regexp 'core\.sshCommand' && git config --local --unset-all 'core.sshCommand' || :"
2026-10-01T13:15:22.6827792Z [command]/usr/bin/git config --local --name-only --get-regexp http\.https\:\/\/github\.com\/\.extraheader
2026-10-01T13:15:22.6867621Z [command]/usr/bin/git submodule foreach --recursive sh -c "git config --local --name-only --get-regexp 'http\.https\:\/\/github\.com\/\.extraheader' && git config --local --unset-all 'http.https://github.com/.extraheader' || :"
2026-10-01T13:15:22.7099994Z [command]/usr/bin/git config --local --name-only --get-regexp ^includeIf\.gitdir:
2026-10-01T13:15:22.7141485Z [command]/usr/bin/git submodule foreach --recursive git config --local --show-origin --name-only --get-regexp remote.origin.url
2026-10-01T13:15:22.7377035Z [command]/usr/bin/git config --local http.https://github.com/.extraheader AUTHORIZATION: basic ***
2026-10-01T13:15:22.7419165Z ##[endgroup]
2026-10-01T13:15:22.7420120Z ##[group]Fetching the repository
2026-10-01T13:15:22.7429939Z [command]/usr/bin/git -c protocol.version=2 fetch --no-tags --prune --no-recurse-submodules --depth=1 origin +ebf22e67bd075e283d8ef5c63816f4ef31ac5b95:refs/remotes/origin/btc-options-vrp-final-source-closeout-v0.4
2026-10-01T13:15:23.1460967Z From https://github.com/joseluisvieira28-oss/Laboratorio
2026-10-01T13:15:23.1463453Z  * [new ref]         ebf22e67bd075e283d8ef5c63816f4ef31ac5b95 -> origin/btc-options-vrp-final-source-closeout-v0.4
2026-10-01T13:15:23.1467544Z ##[endgroup]
2026-10-01T13:15:23.1469036Z ##[group]Determining the checkout info
2026-10-01T13:15:23.1470956Z ##[endgroup]
2026-10-01T13:15:23.1477991Z [command]/usr/bin/git sparse-checkout disable
2026-10-01T13:15:23.1537015Z [command]/usr/bin/git config --local --unset-all extensions.worktreeConfig
2026-10-01T13:15:23.1578461Z ##[group]Checking out the ref
2026-10-01T13:15:23.1591771Z [command]/usr/bin/git checkout --progress --force -B btc-options-vrp-final-source-closeout-v0.4 refs/remotes/origin/btc-options-vrp-final-source-closeout-v0.4
2026-10-01T13:15:23.1709056Z Switched to a new branch 'btc-options-vrp-final-source-closeout-v0.4'
2026-10-01T13:15:23.1717533Z branch 'btc-options-vrp-final-source-closeout-v0.4' set up to track 'origin/btc-options-vrp-final-source-closeout-v0.4'.
2026-10-01T13:15:23.1721242Z ##[endgroup]
2026-10-01T13:15:23.1766266Z [command]/usr/bin/git log -1 --format=%H
2026-10-01T13:15:23.1792972Z ebf22e67bd075e283d8ef5c63816f4ef31ac5b95
2026-10-01T13:15:23.2082670Z ##[group]Run actions/setup-python@v5
2026-10-01T13:15:23.2083270Z with:
2026-10-01T13:15:23.2083688Z   python-version: 3.12
2026-10-01T13:15:23.2084151Z   check-latest: false
2026-10-01T13:15:23.2088167Z   token: ***
2026-10-01T13:15:23.2088607Z   update-environment: true
2026-10-01T13:15:23.2089103Z   allow-prereleases: false
2026-10-01T13:15:23.2089589Z   freethreaded: false
2026-10-01T13:15:23.2090038Z ##[endgroup]
2026-10-01T13:15:23.3414334Z ##[group]Installed versions
2026-10-01T13:15:23.3525649Z (node:2307) [DEP0040] DeprecationWarning: The `punycode` module is deprecated. Please use a userland alternative instead.
2026-10-01T13:15:23.3527705Z (Use `node --trace-deprecation ...` to show where the warning was created)
2026-10-01T13:15:23.3528977Z Successfully set up CPython (3.12.14)
2026-10-01T13:15:23.3530359Z ##[endgroup]
2026-10-01T13:15:23.3713085Z ##[group]Run python -m py_compile labs/BTC_OPTIONS_VRP_001/optionsdx_full_variation_census_v01.py
2026-10-01T13:15:23.3714382Z [36;1mpython -m py_compile labs/BTC_OPTIONS_VRP_001/optionsdx_full_variation_census_v01.py[0m
2026-10-01T13:15:23.4040348Z shell: /usr/bin/bash -e {0}
2026-10-01T13:15:23.4041041Z env:
2026-10-01T13:15:23.4041670Z   pythonLocation: /opt/hostedtoolcache/Python/3.12.14/x64
2026-10-01T13:15:23.4042612Z   PKG_CONFIG_PATH: /opt/hostedtoolcache/Python/3.12.14/x64/lib/pkgconfig
2026-10-01T13:15:23.4043556Z   Python_ROOT_DIR: /opt/hostedtoolcache/Python/3.12.14/x64
2026-10-01T13:15:23.4044414Z   Python2_ROOT_DIR: /opt/hostedtoolcache/Python/3.12.14/x64
2026-10-01T13:15:23.4045498Z   Python3_ROOT_DIR: /opt/hostedtoolcache/Python/3.12.14/x64
2026-10-01T13:15:23.4046391Z   LD_LIBRARY_PATH: /opt/hostedtoolcache/Python/3.12.14/x64/lib
2026-10-01T13:15:23.4047138Z ##[endgroup]
2026-10-01T13:15:23.5102866Z ##[group]Run python labs/BTC_OPTIONS_VRP_001/optionsdx_full_variation_census_v01.py
2026-10-01T13:15:23.5104001Z [36;1mpython labs/BTC_OPTIONS_VRP_001/optionsdx_full_variation_census_v01.py[0m
2026-10-01T13:15:23.5170113Z shell: /usr/bin/bash -e {0}
2026-10-01T13:15:23.5170644Z env:
2026-10-01T13:15:23.5171179Z   pythonLocation: /opt/hostedtoolcache/Python/3.12.14/x64
2026-10-01T13:15:23.5172039Z   PKG_CONFIG_PATH: /opt/hostedtoolcache/Python/3.12.14/x64/lib/pkgconfig
2026-10-01T13:15:23.5172891Z   Python_ROOT_DIR: /opt/hostedtoolcache/Python/3.12.14/x64
2026-10-01T13:15:23.5173670Z   Python2_ROOT_DIR: /opt/hostedtoolcache/Python/3.12.14/x64
2026-10-01T13:15:23.5174440Z   Python3_ROOT_DIR: /opt/hostedtoolcache/Python/3.12.14/x64
2026-10-01T13:15:23.5175502Z   LD_LIBRARY_PATH: /opt/hostedtoolcache/Python/3.12.14/x64/lib
2026-10-01T13:15:23.5176179Z ##[endgroup]
2026-10-01T13:16:39.3423200Z {"account_created": false, "cart_used": false, "cash_spend_usd": 0, "checkout_used": false, "classification": "OPTIONSDX_ZERO_PRICE_EOD_ONLY", "distinct_display_prices": [0.0, 5.0, 10.0, 20.0, 25.0, 50.0], "error_count": 0, "errors": [], "lookup_count": 200, "market_payload_opened": false, "order_created": false, "outcomes_opened": false, "probe_id": "OVRP-OPTIONSDX-FULL-VARIATION-CENSUS-001", "resolved_price_count": 200, "resolved_variations": [{"attributes": {"attribute_period": "2021-06", "attribute_quote-frequency": "15 Minutes"}, "display_price": 10.0, "display_regular_price": 10.0, "is_in_stock": true, "is_purchasable": true, "variation_id": 1572, "variation_is_active": true}, {"attributes": {"attribute_period": "2021-06", "attribute_quote-frequency": "30 Minutes"}, "display_price": 5.0, "display_regular_price": 5.0, "is_in_stock": true, "is_purchasable": true, "variation_id": 1571, "variation_is_active": true}, {"attributes": {"attribute_period": "2021-06", "attribute_quote-frequency": "5 Minutes"}, "display_price": 25.0, "display_regular_price": 25.0, "is_in_stock": true, "is_purchasable": true, "variation_id": 1573, "variation_is_active": true}, {"attributes": {"attribute_period": "2021-06", "attribute_quote-frequency": "End of Day"}, "display_price": 0.0, "display_regular_price": 0.0, "is_in_stock": true, "is_purchasable": true, "variation_id": 1570, "variation_is_active": true}, {"attributes": {"attribute_period": "2021-06", "attribute_quote-frequency": "Minutely"}, "display_price": 50.0, "display_regular_price": 50.0, "is_in_stock": true, "is_purchasable": true, "variation_id": 1574, "variation_is_active": true}, {"attributes": {"attribute_period": "2021-07", "attribute_quote-frequency": "15 Minutes"}, "display_price": 10.0, "display_regular_price": 10.0, "is_in_stock": true, "is_purchasable": true, "variation_id": 1577, "variation_is_active": true}, {"attributes": {"attribute_period": "2021-07", "attribute_quote-frequency": "30 Minutes"}, "display_price": 5.0, "display_regular_price": 5.0, "is_in_stock": true, "is_purchasable": true, "variation_id": 1576, "variation_is_active": true}, {"attributes": {"attribute_period": "2021-07", "attribute_quote-frequency": "5 Minutes"}, "display_price": 25.0, "display_regular_price": 25.0, "is_in_stock": true, "is_purchasable": true, "variation_id": 1578, "variation_is_active": true}, {"attributes": {"attribute_period": "2021-07", "attribute_quote-frequency": "End of Day"}, "display_price": 0.0, "display_regular_price": 0.0, "is_in_stock": true, "is_purchasable": true, "variation_id": 1575, "variation_is_active": true}, {"attributes": {"attribute_period": "2021-07", "attribute_quote-frequency": "Minutely"}, "display_price": 50.0, "display_regular_price": 50.0, "is_in_stock": true, "is_purchasable": true, "variation_id": 1579, "variation_is_active": true}, {"attributes": {"attribute_period": "2021-08", "attribute_quote-frequency": "15 Minutes"}, "display_price": 10.0, "display_regular_price": 10.0, "is_in_stock": true, "is_purchasable": true, "variation_id": 1582, "variation_is_active": true}, {"attributes": {"attribute_period": "2021-08", "attribute_quote-frequency": "30 Minutes"}, "display_price": 5.0, "display_regular_price": 5.0, "is_in_stock": true, "is_purchasable": true, "variation_id": 1581, "variation_is_active": true}, {"attributes": {"attribute_period": "2021-08", "attribute_quote-frequency": "5 Minutes"}, "display_price": 25.0, "display_regular_price": 25.0, "is_in_stock": true, "is_purchasable": true, "variation_id": 1583, "variation_is_active": true}, {"attributes": {"attribute_period": "2021-08", "attribute_quote-frequency": "End of Day"}, "display_price": 0.0, "display_regular_price": 0.0, "is_in_stock": true, "is_purchasable": true, "variation_id": 1580, "variation_is_active": true}, {"attributes": {"attribute_period": "2021-08", "attribute_quote-frequency": "Minutely"}, "display_price": 50.0, "display_regular_price": 50.0, "is_in_stock": true, "is_purchasable": true, "variation_id": 1584, "variation_is_active": true}, {"attributes": {"attribute_period": "2021-09", "attribute_quote-frequency": "15 Minutes"}, "display_price": 10.0, "display_regular_price": 10.0, "is_in_stock": true, "is_purchasable": true, "variation_id": 1587, "variation_is_active": true}, {"attributes": {"attribute_period": "2021-09", "attribute_quote-frequency": "30 Minutes"}, "display_price": 5.0, "display_regular_price": 5.0, "is_in_stock": true, "is_purchasable": true, "variation_id": 1586, "variation_is_active": true}, {"attributes": {"attribute_period": "2021-09", "attribute_quote-frequency": "5 Minutes"}, "display_price": 25.0, "display_regular_price": 25.0, "is_in_stock": true, "is_purchasable": true, "variation_id": 1588, "variation_is_active": true}, {"attributes": {"attribute_period": "2021-09", "attribute_quote-frequency": "End of Day"}, "display_price": 0.0, "display_regular_price": 0.0, "is_in_stock": true, "is_purchasable": true, "variation_id": 1585, "variation_is_active": true}, {"attributes": {"attribute_period": "2021-09", "attribute_quote-frequency": "Minutely"}, "display_price": 50.0, "display_regular_price": 50.0, "is_in_stock": true, "is_purchasable": true, "variation_id": 1589, "variation_is_active": true}, {"attributes": {"attribute_period": "2021-10", "attribute_quote-frequency": "15 Minutes"}, "display_price": 10.0, "display_regular_price": 10.0, "is_in_stock": true, "is_purchasable": true, "variation_id": 1592, "variation_is_active": true}, {"attributes": {"attribute_period": "2021-10", "attribute_quote-frequency": "30 Minutes"}, "display_price": 5.0, "display_regular_price": 5.0, "is_in_stock": true, "is_purchasable": true, "variation_id": 1591, "variation_is_active": true}, {"attributes": {"attribute_period": "2021-10", "attribute_quote-frequency": "5 Minutes"}, "display_price": 25.0, "display_regular_price": 25.0, "is_in_stock": true, "is_purchasable": true, "variation_id": 1593, "variation_is_active": true}, {"attributes": {"attribute_period": "2021-10", "attribute_quote-frequency": "End of Day"}, "display_price": 0.0, "display_regular_price": 0.0, "is_in_stock": true, "is_purchasable": true, "variation_id": 1590, "variation_is_active": true}, {"attributes": {"attribute_period": "2021-10", "attribute_quote-frequency": "Minutely"}, "display_price": 50.0, "display_regular_price": 50.0, "is_in_stock": true, "is_purchasable": true, "variation_id": 1594, "variation_is_active": true}, {"attributes": {"attribute_period": "2021-11", "attribute_quote-frequency": "15 Minutes"}, "display_price": 10.0, "display_regular_price": 10.0, "is_in_stock": true, "is_purchasable": true, "variation_id": 1597, "variation_is_active": true}, {"attributes": {"attribute_period": "2021-11", "attribute_quote-frequency": "30 Minutes"}, "display_price": 5.0, "display_regular_price": 5.0, "is_in_stock": true, "is_purchasable": true, "variation_id": 1596, "variation_is_active": true}, {"attributes": {"attribute_period": "2021-11", "attribute_quote-frequency": "5 Minutes"}, "display_price": 25.0, "display_regular_price": 25.0, "is_in_stock": true, "is_purchasable": true, "variation_id": 1598, "variation_is_active": true}, {"attributes": {"attribute_period": "2021-11", "attribute_quote-frequency": "End of Day"}, "display_price": 0.0, "display_regular_price": 0.0, "is_in_stock": true, "is_purchasable": true, "variation_id": 1595, "variation_is_active": true}, {"attributes": {"attribute_period": "2021-11", "attribute_quote-frequency": "Minutely"}, "display_price": 50.0, "display_regular_price": 50.0, "is_in_stock": true, "is_purchasable": true, "variation_id": 1599, "variation_is_active": true}, {"attributes": {"attribute_period": "2021-12", "attribute_quote-frequency": "15 Minutes"}, "display_price": 10.0, "display_regular_price": 10.0, "is_in_stock": true, "is_purchasable": true, "variation_id": 1602, "variation_is_active": true}, {"attributes": {"attribute_period": "2021-12", "attribute_quote-frequency": "30 Minutes"}, "display_price": 5.0, "display_regular_price": 5.0, "is_in_stock": true, "is_purchasable": true, "variation_id": 1601, "variation_is_active": true}, {"attributes": {"attribute_period": "2021-12", "attribute_quote-frequency": "5 Minutes"}, "display_price": 25.0, "display_regular_price": 25.0, "is_in_stock": true, "is_purchasable": true, "variation_id": 1603, "variation_is_active": true}, {"attributes": {"attribute_period": "2021-12", "attribute_quote-frequency": "End of Day"}, "display_price": 0.0, "display_regular_price": 0.0, "is_in_stock": true, "is_purchasable": true, "variation_id": 1600, "variation_is_active": true}, {"attributes": {"attribute_period": "2021-12", "attribute_quote-frequency": "Minutely"}, "display_price": 50.0, "display_regular_price": 50.0, "is_in_stock": true, "is_purchasable": true, "variation_id": 1604, "variation_is_active": true}, {"attributes": {"attribute_period": "2022-01", "attribute_quote-frequency": "15 Minutes"}, "display_price": 10.0, "display_regular_price": 10.0, "is_in_stock": true, "is_purchasable": true, "variation_id": 1859, "variation_is_active": true}, {"attributes": {"attribute_period": "2022-01", "attribute_quote-frequency": "30 Minutes"}, "display_price": 5.0, "display_regular_price": 5.0, "is_in_stock": true, "is_purchasable": true, "variation_id": 1860, "variation_is_active": true}, {"attributes": {"attribute_period": "2022-01", "attribute_quote-frequency": "5 Minutes"}, "display_price": 25.0, "display_regular_price": 25.0, "is_in_stock": true, "is_purchasable": true, "variation_id": 1858, "variation_is_active": true}, {"attributes": {"attribute_period": "2022-01", "attribute_quote-frequency": "End of Day"}, "display_price": 0.0, "display_regular_price": 0.0, "is_in_stock": true, "is_purchasable": true, "variation_id": 1861, "variation_is_active": true}, {"attributes": {"attribute_period": "2022-01", "attribute_quote-frequency": "Minutely"}, "display_price": 50.0, "display_regular_price": 50.0, "is_in_stock": true, "is_purchasable": true, "variation_id": 1857, "variation_is_active": true}, {"attributes": {"attribute_period": "2022-02", "attribute_quote-frequency": "15 Minutes"}, "display_price": 10.0, "display_regular_price": 10.0, "is_in_stock": true, "is_purchasable": true, "variation_id": 2101, "variation_is_active": true}, {"attributes": {"attribute_period": "2022-02", "attribute_quote-frequency": "30 Minutes"}, "display_price": 5.0, "display_regular_price": 5.0, "is_in_stock": true, "is_purchasable": true, "variation_id": 2102, "variation_is_active": true}, {"attributes": {"attribute_period": "2022-02", "attribute_quote-frequency": "5 Minutes"}, "display_price": 25.0, "display_regular_price": 25.0, "is_in_stock": true, "is_purchasable": true, "variation_id": 2100, "variation_is_active": true}, {"attributes": {"attribute_period": "2022-02", "attribute_quote-frequency": "End of Day"}, "display_price": 0.0, "display_regular_price": 0.0, "is_in_stock": true, "is_purchasable": true, "variation_id": 2103, "variation_is_active": true}, {"attributes": {"attribute_period": "2022-02", "attribute_quote-frequency": "Minutely"}, "display_price": 50.0, "display_regular_price": 50.0, "is_in_stock": true, "is_purchasable": true, "variation_id": 2099, "variation_is_active": true}, {"attributes": {"attribute_period": "2022-03", "attribute_quote-frequency": "15 Minutes"}, "display_price": 10.0, "display_regular_price": 10.0, "is_in_stock": true, "is_purchasable": true, "variation_id": 2261, "variation_is_active": true}, {"attributes": {"attribute_period": "2022-03", "attribute_quote-frequency": "30 Minutes"}, "display_price": 5.0, "display_regular_price": 5.0, "is_in_stock": true, "is_purchasable": true, "variation_id": 2262, "variation_is_active": true}, {"attributes": {"attribute_period": "2022-03", "attribute_quote-frequency": "5 Minutes"}, "display_price": 25.0, "display_regular_price": 25.0, "is_in_stock": true, "is_purchasable": true, "variation_id": 2260, "variation_is_active": true}, {"attributes": {"attribute_period": "2022-03", "attribute_quote-frequency": "End of Day"}, "display_price": 0.0, "display_regular_price": 0.0, "is_in_stock": true, "is_purchasable": true, "variation_id": 2263, "variation_is_active": true}, {"attributes": {"attribute_period": "2022-03", "attribute_quote-frequency": "Minutely"}, "display_price": 50.0, "display_regular_price": 50.0, "is_in_stock": true, "is_purchasable": true, "variation_id": 2259, "variation_is_active": true}, {"attributes": {"attribute_period": "2022-04", "attribute_quote-frequency": "15 Minutes"}, "display_price": 10.0, "display_regular_price": 10.0, "is_in_stock": true, "is_purchasable": true, "variation_id": 2526, "variation_is_active": true}, {"attributes": {"attribute_period": "2022-04", "attribute_quote-frequency": "30 Minutes"}, "display_price": 5.0, "display_regular_price": 5.0, "is_in_stock": true, "is_purchasable": true, "variation_id": 2527, "variation_is_active": true}, {"attributes": {"attribute_period": "2022-04", "attribute_quote-frequency": "5 Minutes"}, "display_price": 25.0, "display_regular_price": 25.0, "is_in_stock": true, "is_purchasable": true, "variation_id": 2525, "variation_is_active": true}, {"attributes": {"attribute_period": "2022-04", "attribute_quote-frequency": "End of Day"}, "display_price": 0.0, "display_regular_price": 0.0, "is_in_stock": true, "is_purchasable": true, "variation_id": 2528, "variation_is_active": true}, {"attributes": {"attribute_period": "2022-04", "attribute_quote-frequency": "Minutely"}, "display_price": 50.0, "display_regular_price": 50.0, "is_in_stock": true, "is_purchasable": true, "variation_id": 2524, "variation_is_active": true}, {"attributes": {"attribute_period": "2022-05", "attribute_quote-frequency": "15 Minutes"}, "display_price": 10.0, "display_regular_price": 10.0, "is_in_stock": true, "is_purchasable": true, "variation_id": 2666, "variation_is_active": true}, {"attributes": {"attribute_period": "2022-05", "attribute_quote-frequency": "30 Minutes"}, "display_price": 5.0, "display_regular_price": 5.0, "is_in_stock": true, "is_purchasable": true, "variation_id": 2667, "variation_is_active": true}, {"attributes": {"attribute_period": "2022-05", "attribute_quote-frequency": "5 Minutes"}, "display_price": 25.0, "display_regular_price": 25.0, "is_in_stock": true, "is_purchasable": true, "variation_id": 2665, "variation_is_active": true}, {"attributes": {"attribute_period": "2022-05", "attribute_quote-frequency": "End of Day"}, "display_price": 0.0, "display_regular_price": 0.0, "is_in_stock": true, "is_purchasable": true, "variation_id": 2668, "variation_is_active": true}, {"attributes": {"attribute_period": "2022-05", "attribute_quote-frequency": "Minutely"}, "display_price": 50.0, "display_regular_price": 50.0, "is_in_stock": true, "is_purchasable": true, "variation_id": 2664, "variation_is_active": true}, {"attributes": {"attribute_period": "2022-06", "attribute_quote-frequency": "15 Minutes"}, "display_price": 10.0, "display_regular_price": 10.0, "is_in_stock": true, "is_purchasable": true, "variation_id": 2874, "variation_is_active": true}, {"attributes": {"attribute_period": "2022-06", "attribute_quote-frequency": "30 Minutes"}, "display_price": 5.0, "display_regular_price": 5.0, "is_in_stock": true, "is_purchasable": true, "variation_id": 2875, "variation_is_active": true}, {"attributes": {"attribute_period": "2022-06", "attribute_quote-frequency": "5 Minutes"}, "display_price": 25.0, "display_regular_price": 25.0, "is_in_stock": true, "is_purchasable": true, "variation_id": 2873, "variation_is_active": true}, {"attributes": {"attribute_period": "2022-06", "attribute_quote-frequency": "End of Day"}, "display_price": 0.0, "display_regular_price": 0.0, "is_in_stock": true, "is_purchasable": true, "variation_id": 2876, "variation_is_active": true}, {"attributes": {"attribute_period": "2022-06", "attribute_quote-frequency": "Minutely"}, "display_price": 50.0, "display_regular_price": 50.0, "is_in_stock": true, "is_purchasable": true, "variation_id": 2872, "variation_is_active": true}, {"attributes": {"attribute_period": "2022-07", "attribute_quote-frequency": "15 Minutes"}, "display_price": 10.0, "display_regular_price": 10.0, "is_in_stock": true, "is_purchasable": true, "variation_id": 3330, "variation_is_active": true}, {"attributes": {"attribute_period": "2022-07", "attribute_quote-frequency": "30 Minutes"}, "display_price": 5.0, "display_regular_price": 5.0, "is_in_stock": true, "is_purchasable": true, "variation_id": 3331, "variation_is_active": true}, {"attributes": {"attribute_period": "2022-07", "attribute_quote-frequency": "5 Minutes"}, "display_price": 25.0, "display_regular_price": 25.0, "is_in_stock": true, "is_purchasable": true, "variation_id": 3329, "variation_is_active": true}, {"attributes": {"attribute_period": "2022-07", "attribute_quote-frequency": "End of Day"}, "display_price": 0.0, "display_regular_price": 0.0, "is_in_stock": true, "is_purchasable": true, "variation_id": 3332, "variation_is_active": true}, {"attributes": {"attribute_period": "2022-07", "attribute_quote-frequency": "Minutely"}, "display_price": 50.0, "display_regular_price": 50.0, "is_in_stock": true, "is_purchasable": true, "variation_id": 3328, "variation_is_active": true}, {"attributes": {"attribute_period": "2022-08", "attribute_quote-frequency": "15 Minutes"}, "display_price": 10.0, "display_regular_price": 10.0, "is_in_stock": true, "is_purchasable": true, "variation_id": 3336, "variation_is_active": true}, {"attributes": {"attribute_period": "2022-08", "attribute_quote-frequency": "30 Minutes"}, "display_price": 5.0, "display_regular_price": 5.0, "is_in_stock": true, "is_purchasable": true, "variation_id": 3337, "variation_is_active": true}, {"attributes": {"attribute_period": "2022-08", "attribute_quote-frequency": "5 Minutes"}, "display_price": 25.0, "display_regular_price": 25.0, "is_in_stock": true, "is_purchasable": true, "variation_id": 3335, "variation_is_active": true}, {"attributes": {"attribute_period": "2022-08", "attribute_quote-frequency": "End of Day"}, "display_price": 0.0, "display_regular_price": 0.0, "is_in_stock": true, "is_purchasable": true, "variation_id": 3338, "variation_is_active": true}, {"attributes": {"attribute_period": "2022-08", "attribute_quote-frequency": "Minutely"}, "display_price": 50.0, "display_regular_price": 50.0, "is_in_stock": true, "is_purchasable": true, "variation_id": 3334, "variation_is_active": true}, {"attributes": {"attribute_period": "2022-09", "attribute_quote-frequency": "15 Minutes"}, "display_price": 10.0, "display_regular_price": 10.0, "is_in_stock": true, "is_purchasable": true, "variation_id": 3342, "variation_is_active": true}, {"attributes": {"attribute_period": "2022-09", "attribute_quote-frequency": "30 Minutes"}, "display_price": 5.0, "display_regular_price": 5.0, "is_in_stock": true, "is_purchasable": true, "variation_id": 3343, "variation_is_active": true}, {"attributes": {"attribute_period": "2022-09", "attribute_quote-frequency": "5 Minutes"}, "display_price": 25.0, "display_regular_price": 25.0, "is_in_stock": true, "is_purchasable": true, "variation_id": 3341, "variation_is_active": true}, {"attributes": {"attribute_period": "2022-09", "attribute_quote-frequency": "End of Day"}, "display_price": 0.0, "display_regular_price": 0.0, "is_in_stock": true, "is_purchasable": true, "variation_id": 3344, "variation_is_active": true}, {"attributes": {"attribute_period": "2022-09", "attribute_quote-frequency": "Minutely"}, "display_price": 50.0, "display_regular_price": 50.0, "is_in_stock": true, "is_purchasable": true, "variation_id": 3340, "variation_is_active": true}, {"attributes": {"attribute_period": "2022-10", "attribute_quote-frequency": "15 Minutes"}, "display_price": 10.0, "display_regular_price": 10.0, "is_in_stock": true, "is_purchasable": true, "variation_id": 3528, "variation_is_active": true}, {"attributes": {"attribute_period": "2022-10", "attribute_quote-frequency": "30 Minutes"}, "display_price": 5.0, "display_regular_price": 5.0, "is_in_stock": true, "is_purchasable": true, "variation_id": 3529, "variation_is_active": true}, {"attributes": {"attribute_period": "2022-10", "attribute_quote-frequency": "5 Minutes"}, "display_price": 25.0, "display_regular_price": 25.0, "is_in_stock": true, "is_purchasable": true, "variation_id": 3527, "variation_is_active": true}, {"attributes": {"attribute_period": "2022-10", "attribute_quote-frequency": "End of Day"}, "display_price": 0.0, "display_regular_price": 0.0, "is_in_stock": true, "is_purchasable": true, "variation_id": 3530, "variation_is_active": true}, {"attributes": {"attribute_period": "2022-10", "attribute_quote-frequency": "Minutely"}, "display_price": 50.0, "display_regular_price": 50.0, "is_in_stock": true, "is_purchasable": true, "variation_id": 3526, "variation_is_active": true}, {"attributes": {"attribute_period": "2022-11", "attribute_quote-frequency": "15 Minutes"}, "display_price": 10.0, "display_regular_price": 10.0, "is_in_stock": true, "is_purchasable": true, "variation_id": 3753, "variation_is_active": true}, {"attributes": {"attribute_period": "2022-11", "attribute_quote-frequency": "30 Minutes"}, "display_price": 5.0, "display_regular_price": 5.0, "is_in_stock": true, "is_purchasable": true, "variation_id": 3754, "variation_is_active": true}, {"attributes": {"attribute_period": "2022-11", "attribute_quote-frequency": "5 Minutes"}, "display_price": 25.0, "display_regular_price": 25.0, "is_in_stock": true, "is_purchasable": true, "variation_id": 3752, "variation_is_active": true}, {"attributes": {"attribute_period": "2022-11", "attribute_quote-frequency": "End of Day"}, "display_price": 0.0, "display_regular_price": 0.0, "is_in_stock": true, "is_purchasable": true, "variation_id": 3755, "variation_is_active": true}, {"attributes": {"attribute_period": "2022-11", "attribute_quote-frequency": "Minutely"}, "display_price": 50.0, "display_regular_price": 50.0, "is_in_stock": true, "is_purchasable": true, "variation_id": 3751, "variation_is_active": true}, {"attributes": {"attribute_period": "2022-12", "attribute_quote-frequency": "15 Minutes"}, "display_price": 10.0, "display_regular_price": 10.0, "is_in_stock": true, "is_purchasable": true, "variation_id": 3984, "variation_is_active": true}, {"attributes": {"attribute_period": "2022-12", "attribute_quote-frequency": "30 Minutes"}, "display_price": 5.0, "display_regular_price": 5.0, "is_in_stock": true, "is_purchasable": true, "variation_id": 3983, "variation_is_active": true}, {"attributes": {"attribute_period": "2022-12", "attribute_quote-frequency": "5 Minutes"}, "display_price": 25.0, "display_regular_price": 25.0, "is_in_stock": true, "is_purchasable": true, "variation_id": 3985, "variation_is_active": true}, {"attributes": {"attribute_period": "2022-12", "attribute_quote-frequency": "End of Day"}, "display_price": 0.0, "display_regular_price": 0.0, "is_in_stock": true, "is_purchasable": true, "variation_id": 3982, "variation_is_active": true}, {"attributes": {"attribute_period": "2022-12", "attribute_quote-frequency": "Minutely"}, "display_price": 50.0, "display_regular_price": 50.0, "is_in_stock": true, "is_purchasable": true, "variation_id": 3986, "variation_is_active": true}, {"attributes": {"attribute_period": "2023-01", "attribute_quote-frequency": "15 Minutes"}, "display_price": 10.0, "display_regular_price": 10.0, "is_in_stock": true, "is_purchasable": true, "variation_id": 4320, "variation_is_active": true}, {"attributes": {"attribute_period": "2023-01", "attribute_quote-frequency": "30 Minutes"}, "display_price": 5.0, "display_regular_price": 5.0, "is_in_stock": true, "is_purchasable": true, "variation_id": 4319, "variation_is_active": true}, {"attributes": {"attribute_period": "2023-01", "attribute_quote-frequency": "5 Minutes"}, "display_price": 25.0, "display_regular_price": 25.0, "is_in_stock": true, "is_purchasable": true, "variation_id": 4321, "variation_is_active": true}, {"attributes": {"attribute_period": "2023-01", "attribute_quote-frequency": "End of Day"}, "display_price": 0.0, "display_regular_price": 0.0, "is_in_stock": true, "is_purchasable": true, "variation_id": 4318, "variation_is_active": true}, {"attributes": {"attribute_period": "2023-01", "attribute_quote-frequency": "Minutely"}, "display_price": 50.0, "display_regular_price": 50.0, "is_in_stock": true, "is_purchasable": true, "variation_id": 4322, "variation_is_active": true}, {"attributes": {"attribute_period": "2023-02", "attribute_quote-frequency": "15 Minutes"}, "display_price": 10.0, "display_regular_price": 10.0, "is_in_stock": true, "is_purchasable": true, "variation_id": 4560, "variation_is_active": true}, {"attributes": {"attribute_period": "2023-02", "attribute_quote-frequency": "30 Minutes"}, "display_price": 5.0, "display_regular_price": 5.0, "is_in_stock": true, "is_purchasable": true, "variation_id": 4559, "variation_is_active": true}, {"attributes": {"attribute_period": "2023-02", "attribute_quote-frequency": "5 Minutes"}, "display_price": 25.0, "display_regular_price": 25.0, "is_in_stock": true, "is_purchasable": true, "variation_id": 4561, "variation_is_active": true}, {"attributes": {"attribute_period": "2023-02", "attribute_quote-frequency": "End of Day"}, "display_price": 0.0, "display_regular_price": 0.0, "is_in_stock": true, "is_purchasable": true, "variation_id": 4558, "variation_is_active": true}, {"attributes": {"attribute_period": "2023-02", "attribute_quote-frequency": "Minutely"}, "display_price": 50.0, "display_regular_price": 50.0, "is_in_stock": true, "is_purchasable": true, "variation_id": 4562, "variation_is_active": true}, {"attributes": {"attribute_period": "2023-03", "attribute_quote-frequency": "15 Minutes"}, "display_price": 10.0, "display_regular_price": 10.0, "is_in_stock": true, "is_purchasable": true, "variation_id": 4889, "variation_is_active": true}, {"attributes": {"attribute_period": "2023-03", "attribute_quote-frequency": "30 Minutes"}, "display_price": 5.0, "display_regular_price": 5.0, "is_in_stock": true, "is_purchasable": true, "variation_id": 4890, "variation_is_active": true}, {"attributes": {"attribute_period": "2023-03", "attribute_quote-frequency": "5 Minutes"}, "display_price": 25.0, "display_regular_price": 25.0, "is_in_stock": true, "is_purchasable": true, "variation_id": 4888, "variation_is_active": true}, {"attributes": {"attribute_period": "2023-03", "attribute_quote-frequency": "End of Day"}, "display_price": 0.0, "display_regular_price": 0.0, "is_in_stock": true, "is_purchasable": true, "variation_id": 4891, "variation_is_active": true}, {"attributes": {"attribute_period": "2023-03", "attribute_quote-frequency": "Minutely"}, "display_price": 50.0, "display_regular_price": 50.0, "is_in_stock": true, "is_purchasable": true, "variation_id": 4887, "variation_is_active": true}, {"attributes": {"attribute_period": "2023-04", "attribute_quote-frequency": "15 Minutes"}, "display_price": 10.0, "display_regular_price": 10.0, "is_in_stock": true, "is_purchasable": true, "variation_id": 5132, "variation_is_active": true}, {"attributes": {"attribute_period": "2023-04", "attribute_quote-frequency": "30 Minutes"}, "display_price": 5.0, "display_regular_price": 5.0, "is_in_stock": true, "is_purchasable": true, "variation_id": 5133, "variation_is_active": true}, {"attributes": {"attribute_period": "2023-04", "attribute_quote-frequency": "5 Minutes"}, "display_price": 25.0, "display_regular_price": 25.0, "is_in_stock": true, "is_purchasable": true, "variation_id": 5131, "variation_is_active": true}, {"attributes": {"attribute_period": "2023-04", "attribute_quote-frequency": "End of Day"}, "display_price": 0.0, "display_regular_price": 0.0, "is_in_stock": true, "is_purchasable": true, "variation_id": 5134, "variation_is_active": true}, {"attributes": {"attribute_period": "2023-04", "attribute_quote-frequency": "Minutely"}, "display_price": 50.0, "display_regular_price": 50.0, "is_in_stock": true, "is_purchasable": true, "variation_id": 5130, "variation_is_active": true}, {"attributes": {"attribute_period": "2023-05", "attribute_quote-frequency": "15 Minutes"}, "display_price": 10.0, "display_regular_price": 10.0, "is_in_stock": true, "is_purchasable": true, "variation_id": 5386, "variation_is_active": true}, {"attributes": {"attribute_period": "2023-05", "attribute_quote-frequency": "30 Minutes"}, "display_price": 5.0, "display_regular_price": 5.0, "is_in_stock": true, "is_purchasable": true, "variation_id": 5387, "variation_is_active": true}, {"attributes": {"attribute_period": "2023-05", "attribute_quote-frequency": "5 Minutes"}, "display_price": 25.0, "display_regular_price": 25.0, "is_in_stock": true, "is_purchasable": true, "variation_id": 5385, "variation_is_active": true}, {"attributes": {"attribute_period": "2023-05", "attribute_quote-frequency": "End of Day"}, "display_price": 0.0, "display_regular_price": 0.0, "is_in_stock": true, "is_purchasable": true, "variation_id": 5388, "variation_is_active": true}, {"attributes": {"attribute_period": "2023-05", "attribute_quote-frequency": "Minutely"}, "display_price": 50.0, "display_regular_price": 50.0, "is_in_stock": true, "is_purchasable": true, "variation_id": 5384, "variation_is_active": true}, {"attributes": {"attribute_period": "2023-06", "attribute_quote-frequency": "15 Minutes"}, "display_price": 10.0, "display_regular_price": 10.0, "is_in_stock": true, "is_purchasable": true, "variation_id": 5638, "variation_is_active": true}, {"attributes": {"attribute_period": "2023-06", "attribute_quote-frequency": "30 Minutes"}, "display_price": 5.0, "display_regular_price": 5.0, "is_in_stock": true, "is_purchasable": true, "variation_id": 5639, "variation_is_active": true}, {"attributes": {"attribute_period": "2023-06", "attribute_quote-frequency": "5 Minutes"}, "display_price": 25.0, "display_regular_price": 25.0, "is_in_stock": true, "is_purchasable": true, "variation_id": 5637, "variation_is_active": true}, {"attributes": {"attribute_period": "2023-06", "attribute_quote-frequency": "End of Day"}, "display_price": 0.0, "display_regular_price": 0.0, "is_in_stock": true, "is_purchasable": true, "variation_id": 5640, "variation_is_active": true}, {"attributes": {"attribute_period": "2023-06", "attribute_quote-frequency": "Minutely"}, "display_price": 50.0, "display_regular_price": 50.0, "is_in_stock": true, "is_purchasable": true, "variation_id": 5636, "variation_is_active": true}, {"attributes": {"attribute_period": "2023-07", "attribute_quote-frequency": "15 Minutes"}, "display_price": 10.0, "display_regular_price": 10.0, "is_in_stock": true, "is_purchasable": true, "variation_id": 5943, "variation_is_active": true}, {"attributes": {"attribute_period": "2023-07", "attribute_quote-frequency": "30 Minutes"}, "display_price": 5.0, "display_regular_price": 5.0, "is_in_stock": true, "is_purchasable": true, "variation_id": 5944, "variation_is_active": true}, {"attributes": {"attribute_period": "2023-07", "attribute_quote-frequency": "5 Minutes"}, "display_price": 25.0, "display_regular_price": 25.0, "is_in_stock": true, "is_purchasable": true, "variation_id": 5942, "variation_is_active": true}, {"attributes": {"attribute_period": "2023-07", "attribute_quote-frequency": "End of Day"}, "display_price": 0.0, "display_regular_price": 0.0, "is_in_stock": true, "is_purchasable": true, "variation_id": 5945, "variation_is_active": true}, {"attributes": {"attribute_period": "2023-07", "attribute_quote-frequency": "Minutely"}, "display_price": 50.0, "display_regular_price": 50.0, "is_in_stock": true, "is_purchasable": true, "variation_id": 5941, "variation_is_active": true}, {"attributes": {"attribute_period": "2023-08", "attribute_quote-frequency": "15 Minutes"}, "display_price": 10.0, "display_regular_price": 10.0, "is_in_stock": true, "is_purchasable": true, "variation_id": 6183, "variation_is_active": true}, {"attributes": {"attribute_period": "2023-08", "attribute_quote-frequency": "30 Minutes"}, "display_price": 5.0, "display_regular_price": 5.0, "is_in_stock": true, "is_purchasable": true, "variation_id": 6184, "variation_is_active": true}, {"attributes": {"attribute_period": "2023-08", "attribute_quote-frequency": "5 Minutes"}, "display_price": 25.0, "display_regular_price": 25.0, "is_in_stock": true, "is_purchasable": true, "variation_id": 6182, "variation_is_active": true}, {"attributes": {"attribute_period": "2023-08", "attribute_quote-frequency": "End of Day"}, "display_price": 0.0, "display_regular_price": 0.0, "is_in_stock": true, "is_purchasable": true, "variation_id": 6185, "variation_is_active": true}, {"attributes": {"attribute_period": "2023-08", "attribute_quote-frequency": "Minutely"}, "display_price": 50.0, "display_regular_price": 50.0, "is_in_stock": true, "is_purchasable": true, "variation_id": 6181, "variation_is_active": true}, {"attributes": {"attribute_period": "2023-09", "attribute_quote-frequency": "15 Minutes"}, "display_price": 10.0, "display_regular_price": 10.0, "is_in_stock": true, "is_purchasable": true, "variation_id": 6510, "variation_is_active": true}, {"attributes": {"attribute_period": "2023-09", "attribute_quote-frequency": "30 Minutes"}, "display_price": 5.0, "display_regular_price": 5.0, "is_in_stock": true, "is_purchasable": true, "variation_id": 6511, "variation_is_active": true}, {"attributes": {"attribute_period": "2023-09", "attribute_quote-frequency": "5 Minutes"}, "display_price": 25.0, "display_regular_price": 25.0, "is_in_stock": true, "is_purchasable": true, "variation_id": 6509, "variation_is_active": true}, {"attributes": {"attribute_period": "2023-09", "attribute_quote-frequency": "End of Day"}, "display_price": 0.0, "display_regular_price": 0.0, "is_in_stock": true, "is_purchasable": true, "variation_id": 6512, "variation_is_active": true}, {"attributes": {"attribute_period": "2023-09", "attribute_quote-frequency": "Minutely"}, "display_price": 50.0, "display_regular_price": 50.0, "is_in_stock": true, "is_purchasable": true, "variation_id": 6508, "variation_is_active": true}, {"attributes": {"attribute_period": "2023-10", "attribute_quote-frequency": "15 Minutes"}, "display_price": 10.0, "display_regular_price": 10.0, "is_in_stock": true, "is_purchasable": true, "variation_id": 6798, "variation_is_active": true}, {"attributes": {"attribute_period": "2023-10", "attribute_quote-frequency": "30 Minutes"}, "display_price": 5.0, "display_regular_price": 5.0, "is_in_stock": true, "is_purchasable": true, "variation_id": 6799, "variation_is_active": true}, {"attributes": {"attribute_period": "2023-10", "attribute_quote-frequency": "5 Minutes"}, "display_price": 25.0, "display_regular_price": 25.0, "is_in_stock": true, "is_purchasable": true, "variation_id": 6797, "variation_is_active": true}, {"attributes": {"attribute_period": "2023-10", "attribute_quote-frequency": "End of Day"}, "display_price": 0.0, "display_regular_price": 0.0, "is_in_stock": true, "is_purchasable": true, "variation_id": 6800, "variation_is_active": true}, {"attributes": {"attribute_period": "2023-10", "attribute_quote-frequency": "Minutely"}, "display_price": 50.0, "display_regular_price": 50.0, "is_in_stock": true, "is_purchasable": true, "variation_id": 6796, "variation_is_active": true}, {"attributes": {"attribute_period": "2023-11", "attribute_quote-frequency": "15 Minutes"}, "display_price": 10.0, "display_regular_price": 10.0, "is_in_stock": true, "is_purchasable": true, "variation_id": 7119, "variation_is_active": true}, {"attributes": {"attribute_period": "2023-11", "attribute_quote-frequency": "30 Minutes"}, "display_price": 5.0, "display_regular_price": 5.0, "is_in_stock": true, "is_purchasable": true, "variation_id": 7120, "variation_is_active": true}, {"attributes": {"attribute_period": "2023-11", "attribute_quote-frequency": "5 Minutes"}, "display_price": 25.0, "display_regular_price": 25.0, "is_in_stock": true, "is_purchasable": true, "variation_id": 7118, "variation_is_active": true}, {"attributes": {"attribute_period": "2023-11", "attribute_quote-frequency": "End of Day"}, "display_price": 0.0, "display_regular_price": 0.0, "is_in_stock": true, "is_purchasable": true, "variation_id": 7121, "variation_is_active": true}, {"attributes": {"attribute_period": "2023-11", "attribute_quote-frequency": "Minutely"}, "display_price": 50.0, "display_regular_price": 50.0, "is_in_stock": true, "is_purchasable": true, "variation_id": 7117, "variation_is_active": true}, {"attributes": {"attribute_period": "2023-12", "attribute_quote-frequency": "15 Minutes"}, "display_price": 10.0, "display_regular_price": 10.0, "is_in_stock": true, "is_purchasable": true, "variation_id": 7378, "variation_is_active": true}, {"attributes": {"attribute_period": "2023-12", "attribute_quote-frequency": "30 Minutes"}, "display_price": 5.0, "display_regular_price": 5.0, "is_in_stock": true, "is_purchasable": true, "variation_id": 7379, "variation_is_active": true}, {"attributes": {"attribute_period": "2023-12", "attribute_quote-frequency": "5 Minutes"}, "display_price": 25.0, "display_regular_price": 25.0, "is_in_stock": true, "is_purchasable": true, "variation_id": 7377, "variation_is_active": true}, {"attributes": {"attribute_period": "2023-12", "attribute_quote-frequency": "End of Day"}, "display_price": 0.0, "display_regular_price": 0.0, "is_in_stock": true, "is_purchasable": true, "variation_id": 7380, "variation_is_active": true}, {"attributes": {"attribute_period": "2023-12", "attribute_quote-frequency": "Minutely"}, "display_price": 50.0, "display_regular_price": 50.0, "is_in_stock": true, "is_purchasable": true, "variation_id": 7376, "variation_is_active": true}, {"attributes": {"attribute_period": "2024-01", "attribute_quote-frequency": "15 Minutes"}, "display_price": 10.0, "display_regular_price": 10.0, "is_in_stock": true, "is_purchasable": true, "variation_id": 7851, "variation_is_active": true}, {"attributes": {"attribute_period": "2024-01", "attribute_quote-frequency": "30 Minutes"}, "display_price": 5.0, "display_regular_price": 5.0, "is_in_stock": true, "is_purchasable": true, "variation_id": 7850, "variation_is_active": true}, {"attributes": {"attribute_period": "2024-01", "attribute_quote-frequency": "5 Minutes"}, "display_price": 25.0, "display_regular_price": 25.0, "is_in_stock": true, "is_purchasable": true, "variation_id": 7852, "variation_is_active": true}, {"attributes": {"attribute_period": "2024-01", "attribute_quote-frequency": "End of Day"}, "display_price": 0.0, "display_regular_price": 0.0, "is_in_stock": true, "is_purchasable": true, "variation_id": 7849, "variation_is_active": true}, {"attributes": {"attribute_period": "2024-01", "attribute_quote-frequency": "Minutely"}, "display_price": 50.0, "display_regular_price": 50.0, "is_in_stock": true, "is_purchasable": true, "variation_id": 7853, "variation_is_active": true}, {"attributes": {"attribute_period": "2024-02", "attribute_quote-frequency": "15 Minutes"}, "display_price": 10.0, "display_regular_price": 10.0, "is_in_stock": true, "is_purchasable": true, "variation_id": 8241, "variation_is_active": true}, {"attributes": {"attribute_period": "2024-02", "attribute_quote-frequency": "30 Minutes"}, "display_price": 5.0, "display_regular_price": 5.0, "is_in_stock": true, "is_purchasable": true, "variation_id": 8240, "variation_is_active": true}, {"attributes": {"attribute_period": "2024-02", "attribute_quote-frequency": "5 Minutes"}, "display_price": 25.0, "display_regular_price": 25.0, "is_in_stock": true, "is_purchasable": true, "variation_id": 8242, "variation_is_active": true}, {"attributes": {"attribute_period": "2024-02", "attribute_quote-frequency": "End of Day"}, "display_price": 0.0, "display_regular_price": 0.0, "is_in_stock": true, "is_purchasable": true, "variation_id": 8239, "variation_is_active": true}, {"attributes": {"attribute_period": "2024-02", "attribute_quote-frequency": "Minutely"}, "display_price": 50.0, "display_regular_price": 50.0, "is_in_stock": true, "is_purchasable": true, "variation_id": 8243, "variation_is_active": true}, {"attributes": {"attribute_period": "2024-03", "attribute_quote-frequency": "15 Minutes"}, "display_price": 10.0, "display_regular_price": 10.0, "is_in_stock": true, "is_purchasable": true, "variation_id": 8940, "variation_is_active": true}, {"attributes": {"attribute_period": "2024-03", "attribute_quote-frequency": "30 Minutes"}, "display_price": 5.0, "display_regular_price": 5.0, "is_in_stock": true, "is_purchasable": true, "variation_id": 8939, "variation_is_active": true}, {"attributes": {"attribute_period": "2024-03", "attribute_quote-frequency": "5 Minutes"}, "display_price": 25.0, "display_regular_price": 25.0, "is_in_stock": true, "is_purchasable": true, "variation_id": 8941, "variation_is_active": true}, {"attributes": {"attribute_period": "2024-03", "attribute_quote-frequency": "End of Day"}, "display_price": 0.0, "display_regular_price": 0.0, "is_in_stock": true, "is_purchasable": true, "variation_id": 8938, "variation_is_active": true}, {"attributes": {"attribute_period": "2024-03", "attribute_quote-frequency": "Minutely"}, "display_price": 50.0, "display_regular_price": 50.0, "is_in_stock": true, "is_purchasable": true, "variation_id": 8942, "variation_is_active": true}, {"attributes": {"attribute_period": "2024-04", "attribute_quote-frequency": "15 Minutes"}, "display_price": 10.0, "display_regular_price": 10.0, "is_in_stock": true, "is_purchasable": true, "variation_id": 8947, "variation_is_active": true}, {"attributes": {"attribute_period": "2024-04", "attribute_quote-frequency": "30 Minutes"}, "display_price": 5.0, "display_regular_price": 5.0, "is_in_stock": true, "is_purchasable": true, "variation_id": 8946, "variation_is_active": true}, {"attributes": {"attribute_period": "2024-04", "attribute_quote-frequency": "5 Minutes"}, "display_price": 25.0, "display_regular_price": 25.0, "is_in_stock": true, "is_purchasable": true, "variation_id": 8948, "variation_is_active": true}, {"attributes": {"attribute_period": "2024-04", "attribute_quote-frequency": "End of Day"}, "display_price": 0.0, "display_regular_price": 0.0, "is_in_stock": true, "is_purchasable": true, "variation_id": 8945, "variation_is_active": true}, {"attributes": {"attribute_period": "2024-04", "attribute_quote-frequency": "Minutely"}, "display_price": 50.0, "display_regular_price": 50.0, "is_in_stock": true, "is_purchasable": true, "variation_id": 8949, "variation_is_active": true}, {"attributes": {"attribute_period": "2024-05", "attribute_quote-frequency": "15 Minutes"}, "display_price": 10.0, "display_regular_price": 10.0, "is_in_stock": true, "is_purchasable": true, "variation_id": 9086, "variation_is_active": true}, {"attributes": {"attribute_period": "2024-05", "attribute_quote-frequency": "30 Minutes"}, "display_price": 5.0, "display_regular_price": 5.0, "is_in_stock": true, "is_purchasable": true, "variation_id": 9085, "variation_is_active": true}, {"attributes": {"attribute_period": "2024-05", "attribute_quote-frequency": "5 Minutes"}, "display_price": 25.0, "display_regular_price": 25.0, "is_in_stock": true, "is_purchasable": true, "variation_id": 9087, "variation_is_active": true}, {"attributes": {"attribute_period": "2024-05", "attribute_quote-frequency": "End of Day"}, "display_price": 0.0, "display_regular_price": 0.0, "is_in_stock": true, "is_purchasable": true, "variation_id": 9084, "variation_is_active": true}, {"attributes": {"attribute_period": "2024-05", "attribute_quote-frequency": "Minutely"}, "display_price": 50.0, "display_regular_price": 50.0, "is_in_stock": true, "is_purchasable": true, "variation_id": 9088, "variation_is_active": true}, {"attributes": {"attribute_period": "2024-06", "attribute_quote-frequency": "15 Minutes"}, "display_price": 10.0, "display_regular_price": 10.0, "is_in_stock": true, "is_purchasable": true, "variation_id": 9517, "variation_is_active": true}, {"attributes": {"attribute_period": "2024-06", "attribute_quote-frequency": "30 Minutes"}, "display_price": 5.0, "display_regular_price": 5.0, "is_in_stock": true, "is_purchasable": true, "variation_id": 9516, "variation_is_active": true}, {"attributes": {"attribute_period": "2024-06", "attribute_quote-frequency": "5 Minutes"}, "display_price": 20.0, "display_regular_price": 20.0, "is_in_stock": true, "is_purchasable": true, "variation_id": 9518, "variation_is_active": true}, {"attributes": {"attribute_period": "2024-06", "attribute_quote-frequency": "End of Day"}, "display_price": 0.0, "display_regular_price": 0.0, "is_in_stock": true, "is_purchasable": true, "variation_id": 9515, "variation_is_active": true}, {"attributes": {"attribute_period": "2024-06", "attribute_quote-frequency": "Minutely"}, "display_price": 50.0, "display_regular_price": 50.0, "is_in_stock": true, "is_purchasable": true, "variation_id": 9519, "variation_is_active": true}, {"attributes": {"attribute_period": "2024-07", "attribute_quote-frequency": "15 Minutes"}, "display_price": 10.0, "display_regular_price": 10.0, "is_in_stock": true, "is_purchasable": true, "variation_id": 10109, "variation_is_active": true}, {"attributes": {"attribute_period": "2024-07", "attribute_quote-frequency": "30 Minutes"}, "display_price": 5.0, "display_regular_price": 5.0, "is_in_stock": true, "is_purchasable": true, "variation_id": 10108, "variation_is_active": true}, {"attributes": {"attribute_period": "2024-07", "attribute_quote-frequency": "5 Minutes"}, "display_price": 20.0, "display_regular_price": 20.0, "is_in_stock": true, "is_purchasable": true, "variation_id": 10110, "variation_is_active": true}, {"attributes": {"attribute_period": "2024-07", "attribute_quote-frequency": "End of Day"}, "display_price": 0.0, "display_regular_price": 0.0, "is_in_stock": true, "is_purchasable": true, "variation_id": 10107, "variation_is_active": true}, {"attributes": {"attribute_period": "2024-07", "attribute_quote-frequency": "Minutely"}, "display_price": 50.0, "display_regular_price": 50.0, "is_in_stock": true, "is_purchasable": true, "variation_id": 10111, "variation_is_active": true}, {"attributes": {"attribute_period": "2024-08", "attribute_quote-frequency": "15 Minutes"}, "display_price": 10.0, "display_regular_price": 10.0, "is_in_stock": true, "is_purchasable": true, "variation_id": 10321, "variation_is_active": true}, {"attributes": {"attribute_period": "2024-08", "attribute_quote-frequency": "30 Minutes"}, "display_price": 5.0, "display_regular_price": 5.0, "is_in_stock": true, "is_purchasable": true, "variation_id": 10322, "variation_is_active": true}, {"attributes": {"attribute_period": "2024-08", "attribute_quote-frequency": "5 Minutes"}, "display_price": 20.0, "display_regular_price": 20.0, "is_in_stock": true, "is_purchasable": true, "variation_id": 10320, "variation_is_active": true}, {"attributes": {"attribute_period": "2024-08", "attribute_quote-frequency": "End of Day"}, "display_price": 0.0, "display_regular_price": 0.0, "is_in_stock": true, "is_purchasable": true, "variation_id": 10323, "variation_is_active": true}, {"attributes": {"attribute_period": "2024-08", "attribute_quote-frequency": "Minutely"}, "display_price": 50.0, "display_regular_price": 50.0, "is_in_stock": true, "is_purchasable": true, "variation_id": 10319, "variation_is_active": true}, {"attributes": {"attribute_period": "2024-09", "attribute_quote-frequency": "15 Minutes"}, "display_price": 10.0, "display_regular_price": 10.0, "is_in_stock": true, "is_purchasable": true, "variation_id": 10720, "variation_is_active": true}, {"attributes": {"attribute_period": "2024-09", "attribute_quote-frequency": "30 Minutes"}, "display_price": 5.0, "display_regular_price": 5.0, "is_in_stock": true, "is_purchasable": true, "variation_id": 10721, "variation_is_active": true}, {"attributes": {"attribute_period": "2024-09", "attribute_quote-frequency": "5 Minutes"}, "display_price": 20.0, "display_regular_price": 20.0, "is_in_stock": true, "is_purchasable": true, "variation_id": 10719, "variation_is_active": true}, {"attributes": {"attribute_period": "2024-09", "attribute_quote-frequency": "End of Day"}, "display_price": 0.0, "display_regular_price": 0.0, "is_in_stock": true, "is_purchasable": true, "variation_id": 10722, "variation_is_active": true}, {"attributes": {"attribute_period": "2024-09", "attribute_quote-frequency": "Minutely"}, "display_price": 50.0, "display_regular_price": 50.0, "is_in_stock": true, "is_purchasable": true, "variation_id": 10718, "variation_is_active": true}], "selector_names": ["attribute_period", "attribute_quote-frequency"], "selector_value_counts": {"attribute_period": 40, "attribute_quote-frequency": 5}, "unresolved_lookup_count": 0, "visible_selector_cross_product": 200, "zero_price_intraday_count": 0, "zero_price_intraday_variations": [], "zero_price_variation_count": 40, "zero_price_variations": [{"attributes": {"attribute_period": "2021-06", "attribute_quote-frequency": "End of Day"}, "display_price": 0.0, "display_regular_price": 0.0, "is_in_stock": true, "is_purchasable": true, "variation_id": 1570, "variation_is_active": true}, {"attributes": {"attribute_period": "2021-07", "attribute_quote-frequency": "End of Day"}, "display_price": 0.0, "display_regular_price": 0.0, "is_in_stock": true, "is_purchasable": true, "variation_id": 1575, "variation_is_active": true}, {"attributes": {"attribute_period": "2021-08", "attribute_quote-frequency": "End of Day"}, "display_price": 0.0, "display_regular_price": 0.0, "is_in_stock": true, "is_purchasable": true, "variation_id": 1580, "variation_is_active": true}, {"attributes": {"attribute_period": "2021-09", "attribute_quote-frequency": "End of Day"}, "display_price": 0.0, "display_regular_price": 0.0, "is_in_stock": true, "is_purchasable": true, "variation_id": 1585, "variation_is_active": true}, {"attributes": {"attribute_period": "2021-10", "attribute_quote-frequency": "End of Day"}, "display_price": 0.0, "display_regular_price": 0.0, "is_in_stock": true, "is_purchasable": true, "variation_id": 1590, "variation_is_active": true}, {"attributes": {"attribute_period": "2021-11", "attribute_quote-frequency": "End of Day"}, "display_price": 0.0, "display_regular_price": 0.0, "is_in_stock": true, "is_purchasable": true, "variation_id": 1595, "variation_is_active": true}, {"attributes": {"attribute_period": "2021-12", "attribute_quote-frequency": "End of Day"}, "display_price": 0.0, "display_regular_price": 0.0, "is_in_stock": true, "is_purchasable": true, "variation_id": 1600, "variation_is_active": true}, {"attributes": {"attribute_period": "2022-01", "attribute_quote-frequency": "End of Day"}, "display_price": 0.0, "display_regular_price": 0.0, "is_in_stock": true, "is_purchasable": true, "variation_id": 1861, "variation_is_active": true}, {"attributes": {"attribute_period": "2022-02", "attribute_quote-frequency": "End of Day"}, "display_price": 0.0, "display_regular_price": 0.0, "is_in_stock": true, "is_purchasable": true, "variation_id": 2103, "variation_is_active": true}, {"attributes": {"attribute_period": "2022-03", "attribute_quote-frequency": "End of Day"}, "display_price": 0.0, "display_regular_price": 0.0, "is_in_stock": true, "is_purchasable": true, "variation_id": 2263, "variation_is_active": true}, {"attributes": {"attribute_period": "2022-04", "attribute_quote-frequency": "End of Day"}, "display_price": 0.0, "display_regular_price": 0.0, "is_in_stock": true, "is_purchasable": true, "variation_id": 2528, "variation_is_active": true}, {"attributes": {"attribute_period": "2022-05", "attribute_quote-frequency": "End of Day"}, "display_price": 0.0, "display_regular_price": 0.0, "is_in_stock": true, "is_purchasable": true, "variation_id": 2668, "variation_is_active": true}, {"attributes": {"attribute_period": "2022-06", "attribute_quote-frequency": "End of Day"}, "display_price": 0.0, "display_regular_price": 0.0, "is_in_stock": true, "is_purchasable": true, "variation_id": 2876, "variation_is_active": true}, {"attributes": {"attribute_period": "2022-07", "attribute_quote-frequency": "End of Day"}, "display_price": 0.0, "display_regular_price": 0.0, "is_in_stock": true, "is_purchasable": true, "variation_id": 3332, "variation_is_active": true}, {"attributes": {"attribute_period": "2022-08", "attribute_quote-frequency": "End of Day"}, "display_price": 0.0, "display_regular_price": 0.0, "is_in_stock": true, "is_purchasable": true, "variation_id": 3338, "variation_is_active": true}, {"attributes": {"attribute_period": "2022-09", "attribute_quote-frequency": "End of Day"}, "display_price": 0.0, "display_regular_price": 0.0, "is_in_stock": true, "is_purchasable": true, "variation_id": 3344, "variation_is_active": true}, {"attributes": {"attribute_period": "2022-10", "attribute_quote-frequency": "End of Day"}, "display_price": 0.0, "display_regular_price": 0.0, "is_in_stock": true, "is_purchasable": true, "variation_id": 3530, "variation_is_active": true}, {"attributes": {"attribute_period": "2022-11", "attribute_quote-frequency": "End of Day"}, "display_price": 0.0, "display_regular_price": 0.0, "is_in_stock": true, "is_purchasable": true, "variation_id": 3755, "variation_is_active": true}, {"attributes": {"attribute_period": "2022-12", "attribute_quote-frequency": "End of Day"}, "display_price": 0.0, "display_regular_price": 0.0, "is_in_stock": true, "is_purchasable": true, "variation_id": 3982, "variation_is_active": true}, {"attributes": {"attribute_period": "2023-01", "attribute_quote-frequency": "End of Day"}, "display_price": 0.0, "display_regular_price": 0.0, "is_in_stock": true, "is_purchasable": true, "variation_id": 4318, "variation_is_active": true}, {"attributes": {"attribute_period": "2023-02", "attribute_quote-frequency": "End of Day"}, "display_price": 0.0, "display_regular_price": 0.0, "is_in_stock": true, "is_purchasable": true, "variation_id": 4558, "variation_is_active": true}, {"attributes": {"attribute_period": "2023-03", "attribute_quote-frequency": "End of Day"}, "display_price": 0.0, "display_regular_price": 0.0, "is_in_stock": true, "is_purchasable": true, "variation_id": 4891, "variation_is_active": true}, {"attributes": {"attribute_period": "2023-04", "attribute_quote-frequency": "End of Day"}, "display_price": 0.0, "display_regular_price": 0.0, "is_in_stock": true, "is_purchasable": true, "variation_id": 5134, "variation_is_active": true}, {"attributes": {"attribute_period": "2023-05", "attribute_quote-frequency": "End of Day"}, "display_price": 0.0, "display_regular_price": 0.0, "is_in_stock": true, "is_purchasable": true, "variation_id": 5388, "variation_is_active": true}, {"attributes": {"attribute_period": "2023-06", "attribute_quote-frequency": "End of Day"}, "display_price": 0.0, "display_regular_price": 0.0, "is_in_stock": true, "is_purchasable": true, "variation_id": 5640, "variation_is_active": true}, {"attributes": {"attribute_period": "2023-07", "attribute_quote-frequency": "End of Day"}, "display_price": 0.0, "display_regular_price": 0.0, "is_in_stock": true, "is_purchasable": true, "variation_id": 5945, "variation_is_active": true}, {"attributes": {"attribute_period": "2023-08", "attribute_quote-frequency": "End of Day"}, "display_price": 0.0, "display_regular_price": 0.0, "is_in_stock": true, "is_purchasable": true, "variation_id": 6185, "variation_is_active": true}, {"attributes": {"attribute_period": "2023-09", "attribute_quote-frequency": "End of Day"}, "display_price": 0.0, "display_regular_price": 0.0, "is_in_stock": true, "is_purchasable": true, "variation_id": 6512, "variation_is_active": true}, {"attributes": {"attribute_period": "2023-10", "attribute_quote-frequency": "End of Day"}, "display_price": 0.0, "display_regular_price": 0.0, "is_in_stock": true, "is_purchasable": true, "variation_id": 6800, "variation_is_active": true}, {"attributes": {"attribute_period": "2023-11", "attribute_quote-frequency": "End of Day"}, "display_price": 0.0, "display_regular_price": 0.0, "is_in_stock": true, "is_purchasable": true, "variation_id": 7121, "variation_is_active": true}, {"attributes": {"attribute_period": "2023-12", "attribute_quote-frequency": "End of Day"}, "display_price": 0.0, "display_regular_price": 0.0, "is_in_stock": true, "is_purchasable": true, "variation_id": 7380, "variation_is_active": true}, {"attributes": {"attribute_period": "2024-01", "attribute_quote-frequency": "End of Day"}, "display_price": 0.0, "display_regular_price": 0.0, "is_in_stock": true, "is_purchasable": true, "variation_id": 7849, "variation_is_active": true}, {"attributes": {"attribute_period": "2024-02", "attribute_quote-frequency": "End of Day"}, "display_price": 0.0, "display_regular_price": 0.0, "is_in_stock": true, "is_purchasable": true, "variation_id": 8239, "variation_is_active": true}, {"attributes": {"attribute_period": "2024-03", "attribute_quote-frequency": "End of Day"}, "display_price": 0.0, "display_regular_price": 0.0, "is_in_stock": true, "is_purchasable": true, "variation_id": 8938, "variation_is_active": true}, {"attributes": {"attribute_period": "2024-04", "attribute_quote-frequency": "End of Day"}, "display_price": 0.0, "display_regular_price": 0.0, "is_in_stock": true, "is_purchasable": true, "variation_id": 8945, "variation_is_active": true}, {"attributes": {"attribute_period": "2024-05", "attribute_quote-frequency": "End of Day"}, "display_price": 0.0, "display_regular_price": 0.0, "is_in_stock": true, "is_purchasable": true, "variation_id": 9084, "variation_is_active": true}, {"attributes": {"attribute_period": "2024-06", "attribute_quote-frequency": "End of Day"}, "display_price": 0.0, "display_regular_price": 0.0, "is_in_stock": true, "is_purchasable": true, "variation_id": 9515, "variation_is_active": true}, {"attributes": {"attribute_period": "2024-07", "attribute_quote-frequency": "End of Day"}, "display_price": 0.0, "display_regular_price": 0.0, "is_in_stock": true, "is_purchasable": true, "variation_id": 10107, "variation_is_active": true}, {"attributes": {"attribute_period": "2024-08", "attribute_quote-frequency": "End of Day"}, "display_price": 0.0, "display_regular_price": 0.0, "is_in_stock": true, "is_purchasable": true, "variation_id": 10323, "variation_is_active": true}, {"attributes": {"attribute_period": "2024-09", "attribute_quote-frequency": "End of Day"}, "display_price": 0.0, "display_regular_price": 0.0, "is_in_stock": true, "is_purchasable": true, "variation_id": 10722, "variation_is_active": true}]}
2026-10-01T13:16:39.3635965Z ##[group]Run python - <<'PY'
2026-10-01T13:16:39.3636382Z [36;1mpython - <<'PY'[0m
2026-10-01T13:16:39.3636664Z [36;1mimport json[0m
2026-10-01T13:16:39.3637204Z [36;1mx=json.load(open('optionsdx_full_variation_census_v01.json'))[0m
2026-10-01T13:16:39.3637632Z [36;1massert x['cash_spend_usd']==0[0m
2026-10-01T13:16:39.3638033Z [36;1massert x['cart_used'] is False and x['checkout_used'] is False[0m
2026-10-01T13:16:39.3638558Z [36;1massert x['account_created'] is False and x['order_created'] is False[0m
2026-10-01T13:16:39.3639127Z [36;1massert x['market_payload_opened'] is False and x['outcomes_opened'] is False[0m
2026-10-01T13:16:39.3639632Z [36;1mprint('CLASSIFICATION',x['classification'])[0m
2026-10-01T13:16:39.3640095Z [36;1mprint('RESOLVED',x['resolved_price_count'],'OF',x['lookup_count'])[0m
2026-10-01T13:16:39.3640568Z [36;1mprint('PRICES',x['distinct_display_prices'])[0m
2026-10-01T13:16:39.3641016Z [36;1mprint('ZERO_TOTAL',x['zero_price_variation_count'])[0m
2026-10-01T13:16:39.3641466Z [36;1mprint('ZERO_INTRADAY',x['zero_price_intraday_count'])[0m
2026-10-01T13:16:39.3641990Z [36;1mprint('ZERO_ROWS',json.dumps(x['zero_price_variations'],sort_keys=True))[0m
2026-10-01T13:16:39.3642442Z [36;1mPY[0m
2026-10-01T13:16:39.3707477Z shell: /usr/bin/bash -e {0}
2026-10-01T13:16:39.3707786Z env:
2026-10-01T13:16:39.3708102Z   pythonLocation: /opt/hostedtoolcache/Python/3.12.14/x64
2026-10-01T13:16:39.3708603Z   PKG_CONFIG_PATH: /opt/hostedtoolcache/Python/3.12.14/x64/lib/pkgconfig
2026-10-01T13:16:39.3709093Z   Python_ROOT_DIR: /opt/hostedtoolcache/Python/3.12.14/x64
2026-10-01T13:16:39.3709523Z   Python2_ROOT_DIR: /opt/hostedtoolcache/Python/3.12.14/x64
2026-10-01T13:16:39.3709955Z   Python3_ROOT_DIR: /opt/hostedtoolcache/Python/3.12.14/x64
2026-10-01T13:16:39.3710388Z   LD_LIBRARY_PATH: /opt/hostedtoolcache/Python/3.12.14/x64/lib
2026-10-01T13:16:39.3710754Z ##[endgroup]
2026-10-01T13:16:39.3982869Z CLASSIFICATION OPTIONSDX_ZERO_PRICE_EOD_ONLY
2026-10-01T13:16:39.3983488Z RESOLVED 200 OF 200
2026-10-01T13:16:39.3983908Z PRICES [0.0, 5.0, 10.0, 20.0, 25.0, 50.0]
2026-10-01T13:16:39.3984307Z ZERO_TOTAL 40
2026-10-01T13:16:39.3984653Z ZERO_INTRADAY 0
2026-10-01T13:16:39.4018339Z ZERO_ROWS [{"attributes": {"attribute_period": "2021-06", "attribute_quote-frequency": "End of Day"}, "display_price": 0.0, "display_regular_price": 0.0, "is_in_stock": true, "is_purchasable": true, "variation_id": 1570, "variation_is_active": true}, {"attributes": {"attribute_period": "2021-07", "attribute_quote-frequency": "End of Day"}, "display_price": 0.0, "display_regular_price": 0.0, "is_in_stock": true, "is_purchasable": true, "variation_id": 1575, "variation_is_active": true}, {"attributes": {"attribute_period": "2021-08", "attribute_quote-frequency": "End of Day"}, "display_price": 0.0, "display_regular_price": 0.0, "is_in_stock": true, "is_purchasable": true, "variation_id": 1580, "variation_is_active": true}, {"attributes": {"attribute_period": "2021-09", "attribute_quote-frequency": "End of Day"}, "display_price": 0.0, "display_regular_price": 0.0, "is_in_stock": true, "is_purchasable": true, "variation_id": 1585, "variation_is_active": true}, {"attributes": {"attribute_period": "2021-10", "attribute_quote-frequency": "End of Day"}, "display_price": 0.0, "display_regular_price": 0.0, "is_in_stock": true, "is_purchasable": true, "variation_id": 1590, "variation_is_active": true}, {"attributes": {"attribute_period": "2021-11", "attribute_quote-frequency": "End of Day"}, "display_price": 0.0, "display_regular_price": 0.0, "is_in_stock": true, "is_purchasable": true, "variation_id": 1595, "variation_is_active": true}, {"attributes": {"attribute_period": "2021-12", "attribute_quote-frequency": "End of Day"}, "display_price": 0.0, "display_regular_price": 0.0, "is_in_stock": true, "is_purchasable": true, "variation_id": 1600, "variation_is_active": true}, {"attributes": {"attribute_period": "2022-01", "attribute_quote-frequency": "End of Day"}, "display_price": 0.0, "display_regular_price": 0.0, "is_in_stock": true, "is_purchasable": true, "variation_id": 1861, "variation_is_active": true}, {"attributes": {"attribute_period": "2022-02", "attribute_quote-frequency": "End of Day"}, "display_price": 0.0, "display_regular_price": 0.0, "is_in_stock": true, "is_purchasable": true, "variation_id": 2103, "variation_is_active": true}, {"attributes": {"attribute_period": "2022-03", "attribute_quote-frequency": "End of Day"}, "display_price": 0.0, "display_regular_price": 0.0, "is_in_stock": true, "is_purchasable": true, "variation_id": 2263, "variation_is_active": true}, {"attributes": {"attribute_period": "2022-04", "attribute_quote-frequency": "End of Day"}, "display_price": 0.0, "display_regular_price": 0.0, "is_in_stock": true, "is_purchasable": true, "variation_id": 2528, "variation_is_active": true}, {"attributes": {"attribute_period": "2022-05", "attribute_quote-frequency": "End of Day"}, "display_price": 0.0, "display_regular_price": 0.0, "is_in_stock": true, "is_purchasable": true, "variation_id": 2668, "variation_is_active": true}, {"attributes": {"attribute_period": "2022-06", "attribute_quote-frequency": "End of Day"}, "display_price": 0.0, "display_regular_price": 0.0, "is_in_stock": true, "is_purchasable": true, "variation_id": 2876, "variation_is_active": true}, {"attributes": {"attribute_period": "2022-07", "attribute_quote-frequency": "End of Day"}, "display_price": 0.0, "display_regular_price": 0.0, "is_in_stock": true, "is_purchasable": true, "variation_id": 3332, "variation_is_active": true}, {"attributes": {"attribute_period": "2022-08", "attribute_quote-frequency": "End of Day"}, "display_price": 0.0, "display_regular_price": 0.0, "is_in_stock": true, "is_purchasable": true, "variation_id": 3338, "variation_is_active": true}, {"attributes": {"attribute_period": "2022-09", "attribute_quote-frequency": "End of Day"}, "display_price": 0.0, "display_regular_price": 0.0, "is_in_stock": true, "is_purchasable": true, "variation_id": 3344, "variation_is_active": true}, {"attributes": {"attribute_period": "2022-10", "attribute_quote-frequency": "End of Day"}, "display_price": 0.0, "display_regular_price": 0.0, "is_in_stock": true, "is_purchasable": true, "variation_id": 3530, "variation_is_active": true}, {"attributes": {"attribute_period": "2022-11", "attribute_quote-frequency": "End of Day"}, "display_price": 0.0, "display_regular_price": 0.0, "is_in_stock": true, "is_purchasable": true, "variation_id": 3755, "variation_is_active": true}, {"attributes": {"attribute_period": "2022-12", "attribute_quote-frequency": "End of Day"}, "display_price": 0.0, "display_regular_price": 0.0, "is_in_stock": true, "is_purchasable": true, "variation_id": 3982, "variation_is_active": true}, {"attributes": {"attribute_period": "2023-01", "attribute_quote-frequency": "End of Day"}, "display_price": 0.0, "display_regular_price": 0.0, "is_in_stock": true, "is_purchasable": true, "variation_id": 4318, "variation_is_active": true}, {"attributes": {"attribute_period": "2023-02", "attribute_quote-frequency": "End of Day"}, "display_price": 0.0, "display_regular_price": 0.0, "is_in_stock": true, "is_purchasable": true, "variation_id": 4558, "variation_is_active": true}, {"attributes": {"attribute_period": "2023-03", "attribute_quote-frequency": "End of Day"}, "display_price": 0.0, "display_regular_price": 0.0, "is_in_stock": true, "is_purchasable": true, "variation_id": 4891, "variation_is_active": true}, {"attributes": {"attribute_period": "2023-04", "attribute_quote-frequency": "End of Day"}, "display_price": 0.0, "display_regular_price": 0.0, "is_in_stock": true, "is_purchasable": true, "variation_id": 5134, "variation_is_active": true}, {"attributes": {"attribute_period": "2023-05", "attribute_quote-frequency": "End of Day"}, "display_price": 0.0, "display_regular_price": 0.0, "is_in_stock": true, "is_purchasable": true, "variation_id": 5388, "variation_is_active": true}, {"attributes": {"attribute_period": "2023-06", "attribute_quote-frequency": "End of Day"}, "display_price": 0.0, "display_regular_price": 0.0, "is_in_stock": true, "is_purchasable": true, "variation_id": 5640, "variation_is_active": true}, {"attributes": {"attribute_period": "2023-07", "attribute_quote-frequency": "End of Day"}, "display_price": 0.0, "display_regular_price": 0.0, "is_in_stock": true, "is_purchasable": true, "variation_id": 5945, "variation_is_active": true}, {"attributes": {"attribute_period": "2023-08", "attribute_quote-frequency": "End of Day"}, "display_price": 0.0, "display_regular_price": 0.0, "is_in_stock": true, "is_purchasable": true, "variation_id": 6185, "variation_is_active": true}, {"attributes": {"attribute_period": "2023-09", "attribute_quote-frequency": "End of Day"}, "display_price": 0.0, "display_regular_price": 0.0, "is_in_stock": true, "is_purchasable": true, "variation_id": 6512, "variation_is_active": true}, {"attributes": {"attribute_period": "2023-10", "attribute_quote-frequency": "End of Day"}, "display_price": 0.0, "display_regular_price": 0.0, "is_in_stock": true, "is_purchasable": true, "variation_id": 6800, "variation_is_active": true}, {"attributes": {"attribute_period": "2023-11", "attribute_quote-frequency": "End of Day"}, "display_price": 0.0, "display_regular_price": 0.0, "is_in_stock": true, "is_purchasable": true, "variation_id": 7121, "variation_is_active": true}, {"attributes": {"attribute_period": "2023-12", "attribute_quote-frequency": "End of Day"}, "display_price": 0.0, "display_regular_price": 0.0, "is_in_stock": true, "is_purchasable": true, "variation_id": 7380, "variation_is_active": true}, {"attributes": {"attribute_period": "2024-01", "attribute_quote-frequency": "End of Day"}, "display_price": 0.0, "display_regular_price": 0.0, "is_in_stock": true, "is_purchasable": true, "variation_id": 7849, "variation_is_active": true}, {"attributes": {"attribute_period": "2024-02", "attribute_quote-frequency": "End of Day"}, "display_price": 0.0, "display_regular_price": 0.0, "is_in_stock": true, "is_purchasable": true, "variation_id": 8239, "variation_is_active": true}, {"attributes": {"attribute_period": "2024-03", "attribute_quote-frequency": "End of Day"}, "display_price": 0.0, "display_regular_price": 0.0, "is_in_stock": true, "is_purchasable": true, "variation_id": 8938, "variation_is_active": true}, {"attributes": {"attribute_period": "2024-04", "attribute_quote-frequency": "End of Day"}, "display_price": 0.0, "display_regular_price": 0.0, "is_in_stock": true, "is_purchasable": true, "variation_id": 8945, "variation_is_active": true}, {"attributes": {"attribute_period": "2024-05", "attribute_quote-frequency": "End of Day"}, "display_price": 0.0, "display_regular_price": 0.0, "is_in_stock": true, "is_purchasable": true, "variation_id": 9084, "variation_is_active": true}, {"attributes": {"attribute_period": "2024-06", "attribute_quote-frequency": "End of Day"}, "display_price": 0.0, "display_regular_price": 0.0, "is_in_stock": true, "is_purchasable": true, "variation_id": 9515, "variation_is_active": true}, {"attributes": {"attribute_period": "2024-07", "attribute_quote-frequency": "End of Day"}, "display_price": 0.0, "display_regular_price": 0.0, "is_in_stock": true, "is_purchasable": true, "variation_id": 10107, "variation_is_active": true}, {"attributes": {"attribute_period": "2024-08", "attribute_quote-frequency": "End of Day"}, "display_price": 0.0, "display_regular_price": 0.0, "is_in_stock": true, "is_purchasable": true, "variation_id": 10323, "variation_is_active": true}, {"attributes": {"attribute_period": "2024-09", "attribute_quote-frequency": "End of Day"}, "display_price": 0.0, "display_regular_price": 0.0, "is_in_stock": true, "is_purchasable": true, "variation_id": 10722, "variation_is_active": true}]
2026-10-01T13:16:39.4108852Z ##[group]Run actions/upload-artifact@v4
2026-10-01T13:16:39.4109211Z with:
2026-10-01T13:16:39.4109530Z   name: BTC_OPTIONS_VRP_001_OPTIONSDX_FULL_VARIATION_CENSUS_V0_1
2026-10-01T13:16:39.4109949Z   path: optionsdx_full_variation_census_v01.json
2026-10-01T13:16:39.4110299Z   retention-days: 90
2026-10-01T13:16:39.4110562Z   if-no-files-found: warn
2026-10-01T13:16:39.4110840Z   compression-level: 6
2026-10-01T13:16:39.4111098Z   overwrite: false
2026-10-01T13:16:39.4111355Z   include-hidden-files: false
2026-10-01T13:16:39.4111806Z env:
2026-10-01T13:16:39.4112103Z   pythonLocation: /opt/hostedtoolcache/Python/3.12.14/x64
2026-10-01T13:16:39.4112586Z   PKG_CONFIG_PATH: /opt/hostedtoolcache/Python/3.12.14/x64/lib/pkgconfig
2026-10-01T13:16:39.4113085Z   Python_ROOT_DIR: /opt/hostedtoolcache/Python/3.12.14/x64
2026-10-01T13:16:39.4113515Z   Python2_ROOT_DIR: /opt/hostedtoolcache/Python/3.12.14/x64
2026-10-01T13:16:39.4113984Z   Python3_ROOT_DIR: /opt/hostedtoolcache/Python/3.12.14/x64
2026-10-01T13:16:39.4114418Z   LD_LIBRARY_PATH: /opt/hostedtoolcache/Python/3.12.14/x64/lib
2026-10-01T13:16:39.4114790Z ##[endgroup]
2026-10-01T13:16:39.5854215Z (node:2339) [DEP0040] DeprecationWarning: The `punycode` module is deprecated. Please use a userland alternative instead.
2026-10-01T13:16:39.5856148Z (Use `node --trace-deprecation ...` to show where the warning was created)
2026-10-01T13:16:39.5914875Z With the provided path, there will be 1 file uploaded
2026-10-01T13:16:39.5937397Z Artifact name is valid!
2026-10-01T13:16:39.5938088Z Root directory input is valid!
2026-10-01T13:16:40.0072032Z Beginning upload of artifact content to blob storage
2026-10-01T13:16:40.0277389Z (node:2339) [DEP0169] DeprecationWarning: `url.parse()` behavior is not standardized and prone to errors that have security implications. Use the WHATWG URL API instead. CVEs are not issued for `url.parse()` vulnerabilities.
2026-10-01T13:16:40.2969592Z Uploaded bytes 2705
2026-10-01T13:16:40.3702257Z Finished uploading artifact content to blob storage!
2026-10-01T13:16:40.3703501Z SHA256 digest of uploaded artifact zip is e3a878419e55de10f04973e73694adbf00791f57853eb1530315c7d7781f9b9b
2026-10-01T13:16:40.3704754Z Finalizing artifact upload
2026-10-01T13:16:40.6635433Z Artifact BTC_OPTIONS_VRP_001_OPTIONSDX_FULL_VARIATION_CENSUS_V0_1.zip successfully finalized. Artifact ID 11163983307
2026-10-01T13:16:40.6637821Z Artifact BTC_OPTIONS_VRP_001_OPTIONSDX_FULL_VARIATION_CENSUS_V0_1 has been successfully uploaded! Final size is 2705 bytes. Artifact ID is 11163983307
2026-10-01T13:16:40.6656312Z Artifact download URL: https://github.com/joseluisvieira28-oss/Laboratorio/actions/runs/36866864117/artifacts/11163983307
2026-10-01T13:16:40.6837849Z Post job cleanup.
2026-10-01T13:16:40.8016094Z (node:2352) [DEP0040] DeprecationWarning: The `punycode` module is deprecated. Please use a userland alternative instead.
2026-10-01T13:16:40.8017116Z (Use `node --trace-deprecation ...` to show where the warning was created)
2026-10-01T13:16:40.8217172Z Post job cleanup.
2026-10-01T13:16:40.9107416Z [command]/usr/bin/git version
2026-10-01T13:16:40.9153265Z git version 2.55.0
2026-10-01T13:16:40.9199273Z Temporarily overriding HOME='/home/runner/work/_temp/7d19f832-60bd-49f8-b320-2886fb229ae5' before making global git config changes
2026-10-01T13:16:40.9200652Z Adding repository directory to the temporary git global config as a safe directory
2026-10-01T13:16:40.9205764Z [command]/usr/bin/git config --global --add safe.directory /home/runner/work/Laboratorio/Laboratorio
2026-10-01T13:16:40.9249318Z [command]/usr/bin/git config --local --name-only --get-regexp core\.sshCommand
2026-10-01T13:16:40.9286305Z [command]/usr/bin/git submodule foreach --recursive sh -c "git config --local --name-only --get-regexp 'core\.sshCommand' && git config --local --unset-all 'core.sshCommand' || :"
2026-10-01T13:16:40.9560313Z [command]/usr/bin/git config --local --name-only --get-regexp http\.https\:\/\/github\.com\/\.extraheader
2026-10-01T13:16:40.9593821Z http.https://github.com/.extraheader
2026-10-01T13:16:40.9606412Z [command]/usr/bin/git config --local --unset-all http.https://github.com/.extraheader
2026-10-01T13:16:40.9654858Z [command]/usr/bin/git submodule foreach --recursive sh -c "git config --local --name-only --get-regexp 'http\.https\:\/\/github\.com\/\.extraheader' && git config --local --unset-all 'http.https://github.com/.extraheader' || :"
2026-10-01T13:16:40.9914140Z [command]/usr/bin/git config --local --name-only --get-regexp ^includeIf\.gitdir:
2026-10-01T13:16:40.9951701Z [command]/usr/bin/git submodule foreach --recursive git config --local --show-origin --name-only --get-regexp remote.origin.url
2026-10-01T13:16:41.0396645Z Cleaning up orphan processes
2026-10-01T13:16:41.0697665Z ##[warning]Node.js 20 is deprecated. The following actions target Node.js 20 but are being forced to run on Node.js 24: actions/checkout@v4, actions/setup-python@v5, actions/upload-artifact@v4. For more information see: https://github.blog/changelog/2025-09-19-deprecation-of-node-20-on-github-actions-runners/

