2026-10-01T13:03:46.7850130Z Current runner version: '2.337.0'
2026-10-01T13:03:46.7884153Z ##[group]Runner Image Provisioner
2026-10-01T13:03:46.7885113Z Hosted Compute Agent
2026-10-01T13:03:46.7885745Z Version: 20260901.588
2026-10-01T13:03:46.7886439Z Commit: f88ec8081b781fac6c440065ac7ff9e710ce3d0b
2026-10-01T13:03:46.7887248Z Build Date: 2026-09-01T19:56:44Z
2026-10-01T13:03:46.7888287Z Worker ID: {f0714be9-1ddf-41a2-8cfa-dad0f6fd0932}
2026-10-01T13:03:46.7889114Z Azure Region: eastus2
2026-10-01T13:03:46.7889737Z ##[endgroup]
2026-10-01T13:03:46.7891213Z ##[group]Operating System
2026-10-01T13:03:46.7891921Z Ubuntu
2026-10-01T13:03:46.7892480Z 24.04.5
2026-10-01T13:03:46.7893005Z LTS
2026-10-01T13:03:46.7893632Z ##[endgroup]
2026-10-01T13:03:46.7894253Z ##[group]Runner Image
2026-10-01T13:03:46.7894895Z Image: ubuntu-24.04
2026-10-01T13:03:46.7895512Z Version: 20260927.320.1
2026-10-01T13:03:46.7896924Z Included Software: https://github.com/actions/runner-images/blob/ubuntu24/20260927.320/images/ubuntu/Ubuntu2404-Readme.md
2026-10-01T13:03:46.7898779Z Image Release: https://github.com/actions/runner-images/releases/tag/ubuntu24%2F20260927.320
2026-10-01T13:03:46.7899806Z ##[endgroup]
2026-10-01T13:03:46.7900988Z ##[group]GITHUB_TOKEN Permissions
2026-10-01T13:03:46.7903546Z Contents: read
2026-10-01T13:03:46.7904282Z Metadata: read
2026-10-01T13:03:46.7904849Z ##[endgroup]
2026-10-01T13:03:46.7907158Z Secret source: Actions
2026-10-01T13:03:46.7908462Z Cache mode: write
2026-10-01T13:03:46.7909604Z Prepare workflow directory
2026-10-01T13:03:46.8250570Z Prepare all required actions
2026-10-01T13:03:46.8300163Z Getting action download info
2026-10-01T13:03:47.1026174Z Download action repository 'actions/checkout@v4' (SHA:11d5960a326750d5838078e36cf38b85af677262)
2026-10-01T13:03:47.2015011Z Download action repository 'actions/setup-python@v5' (SHA:a26af69be951a213d495a4c3e4e4022e16d87065)
2026-10-01T13:03:47.2869456Z Download action repository 'actions/upload-artifact@v4' (SHA:ea165f8d65b6e75b540449e92b4886f43607fa02)
2026-10-01T13:03:47.5060975Z Complete job name: census
2026-10-01T13:03:47.5817043Z ##[group]Run actions/checkout@v4
2026-10-01T13:03:47.5818079Z with:
2026-10-01T13:03:47.5818694Z   repository: joseluisvieira28-oss/Laboratorio
2026-10-01T13:03:47.5822720Z   token: ***
2026-10-01T13:03:47.5823167Z   ssh-strict: true
2026-10-01T13:03:47.5823617Z   ssh-user: git
2026-10-01T13:03:47.5824074Z   persist-credentials: true
2026-10-01T13:03:47.5824565Z   clean: true
2026-10-01T13:03:47.5825021Z   sparse-checkout-cone-mode: true
2026-10-01T13:03:47.5825542Z   fetch-depth: 1
2026-10-01T13:03:47.5825974Z   fetch-tags: false
2026-10-01T13:03:47.5826414Z   show-progress: true
2026-10-01T13:03:47.5826859Z   lfs: false
2026-10-01T13:03:47.5827275Z   submodules: false
2026-10-01T13:03:47.5827837Z   set-safe-directory: true
2026-10-01T13:03:47.5828341Z   allow-unsafe-pr-checkout: false
2026-10-01T13:03:47.5829042Z ##[endgroup]
2026-10-01T13:03:47.6848050Z Syncing repository: joseluisvieira28-oss/Laboratorio
2026-10-01T13:03:47.6850803Z ##[group]Getting Git version info
2026-10-01T13:03:47.6852062Z Working directory is '/home/runner/work/Laboratorio/Laboratorio'
2026-10-01T13:03:47.6853729Z [command]/usr/bin/git version
2026-10-01T13:03:47.6901769Z git version 2.55.0
2026-10-01T13:03:47.6922254Z ##[endgroup]
2026-10-01T13:03:47.6938408Z Temporarily overriding HOME='/home/runner/work/_temp/e45a065d-5a66-462e-9fde-ce1440b1102c' before making global git config changes
2026-10-01T13:03:47.6940581Z Adding repository directory to the temporary git global config as a safe directory
2026-10-01T13:03:47.6944769Z [command]/usr/bin/git config --global --add safe.directory /home/runner/work/Laboratorio/Laboratorio
2026-10-01T13:03:47.6994297Z Deleting the contents of '/home/runner/work/Laboratorio/Laboratorio'
2026-10-01T13:03:47.6999747Z ##[group]Initializing the repository
2026-10-01T13:03:47.7004129Z [command]/usr/bin/git init /home/runner/work/Laboratorio/Laboratorio
2026-10-01T13:03:47.7088214Z hint: Using 'master' as the name for the initial branch. This default branch name
2026-10-01T13:03:47.7090550Z hint: will change to "main" in Git 3.0. To configure the initial branch name
2026-10-01T13:03:47.7092227Z hint: to use in all of your new repositories, which will suppress this warning,
2026-10-01T13:03:47.7093594Z hint: call:
2026-10-01T13:03:47.7094806Z hint:
2026-10-01T13:03:47.7095771Z hint: 	git config --global init.defaultBranch <name>
2026-10-01T13:03:47.7096920Z hint:
2026-10-01T13:03:47.7098199Z hint: Names commonly chosen instead of 'master' are 'main', 'trunk' and
2026-10-01T13:03:47.7099837Z hint: 'development'. The just-created branch can be renamed via this command:
2026-10-01T13:03:47.7101221Z hint:
2026-10-01T13:03:47.7102028Z hint: 	git branch -m <name>
2026-10-01T13:03:47.7102930Z hint:
2026-10-01T13:03:47.7103893Z hint: Disable this message with "git config set advice.defaultBranchName false"
2026-10-01T13:03:47.7105216Z Initialized empty Git repository in /home/runner/work/Laboratorio/Laboratorio/.git/
2026-10-01T13:03:47.7108618Z [command]/usr/bin/git remote add origin https://github.com/joseluisvieira28-oss/Laboratorio
2026-10-01T13:03:47.7148642Z ##[endgroup]
2026-10-01T13:03:47.7149869Z ##[group]Disabling automatic garbage collection
2026-10-01T13:03:47.7153907Z [command]/usr/bin/git config --local gc.auto 0
2026-10-01T13:03:47.7197590Z ##[endgroup]
2026-10-01T13:03:47.7199292Z ##[group]Setting up auth
2026-10-01T13:03:47.7205884Z [command]/usr/bin/git config --local --name-only --get-regexp core\.sshCommand
2026-10-01T13:03:47.7244632Z [command]/usr/bin/git submodule foreach --recursive sh -c "git config --local --name-only --get-regexp 'core\.sshCommand' && git config --local --unset-all 'core.sshCommand' || :"
2026-10-01T13:03:47.7633964Z [command]/usr/bin/git config --local --name-only --get-regexp http\.https\:\/\/github\.com\/\.extraheader
2026-10-01T13:03:47.7678331Z [command]/usr/bin/git submodule foreach --recursive sh -c "git config --local --name-only --get-regexp 'http\.https\:\/\/github\.com\/\.extraheader' && git config --local --unset-all 'http.https://github.com/.extraheader' || :"
2026-10-01T13:03:47.7973771Z [command]/usr/bin/git config --local --name-only --get-regexp ^includeIf\.gitdir:
2026-10-01T13:03:47.8016736Z [command]/usr/bin/git submodule foreach --recursive git config --local --show-origin --name-only --get-regexp remote.origin.url
2026-10-01T13:03:47.8285542Z [command]/usr/bin/git config --local http.https://github.com/.extraheader AUTHORIZATION: basic ***
2026-10-01T13:03:47.8339943Z ##[endgroup]
2026-10-01T13:03:47.8342304Z ##[group]Fetching the repository
2026-10-01T13:03:47.8353289Z [command]/usr/bin/git -c protocol.version=2 fetch --no-tags --prune --no-recurse-submodules --depth=1 origin +72ea87df8b32089e7c225e59413f7d9148e1dce7:refs/remotes/origin/btc-options-vrp-optionsdx-full-census-v0.1
2026-10-01T13:03:48.0542178Z From https://github.com/joseluisvieira28-oss/Laboratorio
2026-10-01T13:03:48.0544040Z  * [new ref]         72ea87df8b32089e7c225e59413f7d9148e1dce7 -> origin/btc-options-vrp-optionsdx-full-census-v0.1
2026-10-01T13:03:48.0547200Z ##[endgroup]
2026-10-01T13:03:48.0548504Z ##[group]Determining the checkout info
2026-10-01T13:03:48.0550001Z ##[endgroup]
2026-10-01T13:03:48.0556215Z [command]/usr/bin/git sparse-checkout disable
2026-10-01T13:03:48.0615588Z [command]/usr/bin/git config --local --unset-all extensions.worktreeConfig
2026-10-01T13:03:48.0651409Z ##[group]Checking out the ref
2026-10-01T13:03:48.0658908Z [command]/usr/bin/git checkout --progress --force -B btc-options-vrp-optionsdx-full-census-v0.1 refs/remotes/origin/btc-options-vrp-optionsdx-full-census-v0.1
2026-10-01T13:03:48.0773639Z Switched to a new branch 'btc-options-vrp-optionsdx-full-census-v0.1'
2026-10-01T13:03:48.0778437Z branch 'btc-options-vrp-optionsdx-full-census-v0.1' set up to track 'origin/btc-options-vrp-optionsdx-full-census-v0.1'.
2026-10-01T13:03:48.0784428Z ##[endgroup]
2026-10-01T13:03:48.0831747Z [command]/usr/bin/git log -1 --format=%H
2026-10-01T13:03:48.0861942Z 72ea87df8b32089e7c225e59413f7d9148e1dce7
2026-10-01T13:03:48.1158938Z ##[group]Run actions/setup-python@v5
2026-10-01T13:03:48.1159528Z with:
2026-10-01T13:03:48.1159944Z   python-version: 3.12
2026-10-01T13:03:48.1160418Z   check-latest: false
2026-10-01T13:03:48.1164272Z   token: ***
2026-10-01T13:03:48.1164701Z   update-environment: true
2026-10-01T13:03:48.1165196Z   allow-prereleases: false
2026-10-01T13:03:48.1165666Z   freethreaded: false
2026-10-01T13:03:48.1166114Z ##[endgroup]
2026-10-01T13:03:48.2659578Z ##[group]Installed versions
2026-10-01T13:03:48.2683635Z (node:2292) [DEP0040] DeprecationWarning: The `punycode` module is deprecated. Please use a userland alternative instead.
2026-10-01T13:03:48.2686871Z (Use `node --trace-deprecation ...` to show where the warning was created)
2026-10-01T13:03:48.2709222Z Successfully set up CPython (3.12.14)
2026-10-01T13:03:48.2710869Z ##[endgroup]
2026-10-01T13:03:48.2861223Z ##[group]Run python -m py_compile labs/BTC_OPTIONS_VRP_001/optionsdx_full_variation_census_v01.py
2026-10-01T13:03:48.2862640Z [36;1mpython -m py_compile labs/BTC_OPTIONS_VRP_001/optionsdx_full_variation_census_v01.py[0m
2026-10-01T13:03:48.3129767Z shell: /usr/bin/bash -e {0}
2026-10-01T13:03:48.3130454Z env:
2026-10-01T13:03:48.3131052Z   pythonLocation: /opt/hostedtoolcache/Python/3.12.14/x64
2026-10-01T13:03:48.3131974Z   PKG_CONFIG_PATH: /opt/hostedtoolcache/Python/3.12.14/x64/lib/pkgconfig
2026-10-01T13:03:48.3132882Z   Python_ROOT_DIR: /opt/hostedtoolcache/Python/3.12.14/x64
2026-10-01T13:03:48.3133675Z   Python2_ROOT_DIR: /opt/hostedtoolcache/Python/3.12.14/x64
2026-10-01T13:03:48.3134472Z   Python3_ROOT_DIR: /opt/hostedtoolcache/Python/3.12.14/x64
2026-10-01T13:03:48.3135281Z   LD_LIBRARY_PATH: /opt/hostedtoolcache/Python/3.12.14/x64/lib
2026-10-01T13:03:48.3136021Z ##[endgroup]
2026-10-01T13:03:48.3961108Z ##[group]Run python labs/BTC_OPTIONS_VRP_001/optionsdx_full_variation_census_v01.py
2026-10-01T13:03:48.3962291Z [36;1mpython labs/BTC_OPTIONS_VRP_001/optionsdx_full_variation_census_v01.py[0m
2026-10-01T13:03:48.4033108Z shell: /usr/bin/bash -e {0}
2026-10-01T13:03:48.4033678Z env:
2026-10-01T13:03:48.4034257Z   pythonLocation: /opt/hostedtoolcache/Python/3.12.14/x64
2026-10-01T13:03:48.4035150Z   PKG_CONFIG_PATH: /opt/hostedtoolcache/Python/3.12.14/x64/lib/pkgconfig
2026-10-01T13:03:48.4036042Z   Python_ROOT_DIR: /opt/hostedtoolcache/Python/3.12.14/x64
2026-10-01T13:03:48.4036845Z   Python2_ROOT_DIR: /opt/hostedtoolcache/Python/3.12.14/x64
2026-10-01T13:03:48.4037823Z   Python3_ROOT_DIR: /opt/hostedtoolcache/Python/3.12.14/x64
2026-10-01T13:03:48.4038665Z   LD_LIBRARY_PATH: /opt/hostedtoolcache/Python/3.12.14/x64/lib
2026-10-01T13:03:48.4039382Z ##[endgroup]
2026-10-01T13:05:30.3929411Z {"account_created": false, "cart_used": false, "cash_spend_usd": 0, "checkout_used": false, "classification": "OPTIONSDX_ZERO_PRICE_EOD_ONLY", "distinct_display_prices": [0.0, 5.0, 10.0, 20.0, 25.0, 50.0], "error_count": 0, "errors": [], "lookup_count": 200, "market_payload_opened": false, "order_created": false, "outcomes_opened": false, "probe_id": "OVRP-OPTIONSDX-FULL-VARIATION-CENSUS-001", "resolved_price_count": 200, "selector_names": ["attribute_period", "attribute_quote-frequency"], "selector_value_counts": {"attribute_period": 40, "attribute_quote-frequency": 5}, "unresolved_lookup_count": 0, "visible_selector_cross_product": 200, "zero_price_intraday_count": 0, "zero_price_intraday_variations": [], "zero_price_variation_count": 40, "zero_price_variations": [{"attributes": {"attribute_period": "2021-06", "attribute_quote-frequency": "End of Day"}, "display_price": 0.0, "display_regular_price": 0.0, "is_in_stock": true, "is_purchasable": true, "variation_id": 1570, "variation_is_active": true}, {"attributes": {"attribute_period": "2021-07", "attribute_quote-frequency": "End of Day"}, "display_price": 0.0, "display_regular_price": 0.0, "is_in_stock": true, "is_purchasable": true, "variation_id": 1575, "variation_is_active": true}, {"attributes": {"attribute_period": "2021-08", "attribute_quote-frequency": "End of Day"}, "display_price": 0.0, "display_regular_price": 0.0, "is_in_stock": true, "is_purchasable": true, "variation_id": 1580, "variation_is_active": true}, {"attributes": {"attribute_period": "2021-09", "attribute_quote-frequency": "End of Day"}, "display_price": 0.0, "display_regular_price": 0.0, "is_in_stock": true, "is_purchasable": true, "variation_id": 1585, "variation_is_active": true}, {"attributes": {"attribute_period": "2021-10", "attribute_quote-frequency": "End of Day"}, "display_price": 0.0, "display_regular_price": 0.0, "is_in_stock": true, "is_purchasable": true, "variation_id": 1590, "variation_is_active": true}, {"attributes": {"attribute_period": "2021-11", "attribute_quote-frequency": "End of Day"}, "display_price": 0.0, "display_regular_price": 0.0, "is_in_stock": true, "is_purchasable": true, "variation_id": 1595, "variation_is_active": true}, {"attributes": {"attribute_period": "2021-12", "attribute_quote-frequency": "End of Day"}, "display_price": 0.0, "display_regular_price": 0.0, "is_in_stock": true, "is_purchasable": true, "variation_id": 1600, "variation_is_active": true}, {"attributes": {"attribute_period": "2022-01", "attribute_quote-frequency": "End of Day"}, "display_price": 0.0, "display_regular_price": 0.0, "is_in_stock": true, "is_purchasable": true, "variation_id": 1861, "variation_is_active": true}, {"attributes": {"attribute_period": "2022-02", "attribute_quote-frequency": "End of Day"}, "display_price": 0.0, "display_regular_price": 0.0, "is_in_stock": true, "is_purchasable": true, "variation_id": 2103, "variation_is_active": true}, {"attributes": {"attribute_period": "2022-03", "attribute_quote-frequency": "End of Day"}, "display_price": 0.0, "display_regular_price": 0.0, "is_in_stock": true, "is_purchasable": true, "variation_id": 2263, "variation_is_active": true}, {"attributes": {"attribute_period": "2022-04", "attribute_quote-frequency": "End of Day"}, "display_price": 0.0, "display_regular_price": 0.0, "is_in_stock": true, "is_purchasable": true, "variation_id": 2528, "variation_is_active": true}, {"attributes": {"attribute_period": "2022-05", "attribute_quote-frequency": "End of Day"}, "display_price": 0.0, "display_regular_price": 0.0, "is_in_stock": true, "is_purchasable": true, "variation_id": 2668, "variation_is_active": true}, {"attributes": {"attribute_period": "2022-06", "attribute_quote-frequency": "End of Day"}, "display_price": 0.0, "display_regular_price": 0.0, "is_in_stock": true, "is_purchasable": true, "variation_id": 2876, "variation_is_active": true}, {"attributes": {"attribute_period": "2022-07", "attribute_quote-frequency": "End of Day"}, "display_price": 0.0, "display_regular_price": 0.0, "is_in_stock": true, "is_purchasable": true, "variation_id": 3332, "variation_is_active": true}, {"attributes": {"attribute_period": "2022-08", "attribute_quote-frequency": "End of Day"}, "display_price": 0.0, "display_regular_price": 0.0, "is_in_stock": true, "is_purchasable": true, "variation_id": 3338, "variation_is_active": true}, {"attributes": {"attribute_period": "2022-09", "attribute_quote-frequency": "End of Day"}, "display_price": 0.0, "display_regular_price": 0.0, "is_in_stock": true, "is_purchasable": true, "variation_id": 3344, "variation_is_active": true}, {"attributes": {"attribute_period": "2022-10", "attribute_quote-frequency": "End of Day"}, "display_price": 0.0, "display_regular_price": 0.0, "is_in_stock": true, "is_purchasable": true, "variation_id": 3530, "variation_is_active": true}, {"attributes": {"attribute_period": "2022-11", "attribute_quote-frequency": "End of Day"}, "display_price": 0.0, "display_regular_price": 0.0, "is_in_stock": true, "is_purchasable": true, "variation_id": 3755, "variation_is_active": true}, {"attributes": {"attribute_period": "2022-12", "attribute_quote-frequency": "End of Day"}, "display_price": 0.0, "display_regular_price": 0.0, "is_in_stock": true, "is_purchasable": true, "variation_id": 3982, "variation_is_active": true}, {"attributes": {"attribute_period": "2023-01", "attribute_quote-frequency": "End of Day"}, "display_price": 0.0, "display_regular_price": 0.0, "is_in_stock": true, "is_purchasable": true, "variation_id": 4318, "variation_is_active": true}, {"attributes": {"attribute_period": "2023-02", "attribute_quote-frequency": "End of Day"}, "display_price": 0.0, "display_regular_price": 0.0, "is_in_stock": true, "is_purchasable": true, "variation_id": 4558, "variation_is_active": true}, {"attributes": {"attribute_period": "2023-03", "attribute_quote-frequency": "End of Day"}, "display_price": 0.0, "display_regular_price": 0.0, "is_in_stock": true, "is_purchasable": true, "variation_id": 4891, "variation_is_active": true}, {"attributes": {"attribute_period": "2023-04", "attribute_quote-frequency": "End of Day"}, "display_price": 0.0, "display_regular_price": 0.0, "is_in_stock": true, "is_purchasable": true, "variation_id": 5134, "variation_is_active": true}, {"attributes": {"attribute_period": "2023-05", "attribute_quote-frequency": "End of Day"}, "display_price": 0.0, "display_regular_price": 0.0, "is_in_stock": true, "is_purchasable": true, "variation_id": 5388, "variation_is_active": true}, {"attributes": {"attribute_period": "2023-06", "attribute_quote-frequency": "End of Day"}, "display_price": 0.0, "display_regular_price": 0.0, "is_in_stock": true, "is_purchasable": true, "variation_id": 5640, "variation_is_active": true}, {"attributes": {"attribute_period": "2023-07", "attribute_quote-frequency": "End of Day"}, "display_price": 0.0, "display_regular_price": 0.0, "is_in_stock": true, "is_purchasable": true, "variation_id": 5945, "variation_is_active": true}, {"attributes": {"attribute_period": "2023-08", "attribute_quote-frequency": "End of Day"}, "display_price": 0.0, "display_regular_price": 0.0, "is_in_stock": true, "is_purchasable": true, "variation_id": 6185, "variation_is_active": true}, {"attributes": {"attribute_period": "2023-09", "attribute_quote-frequency": "End of Day"}, "display_price": 0.0, "display_regular_price": 0.0, "is_in_stock": true, "is_purchasable": true, "variation_id": 6512, "variation_is_active": true}, {"attributes": {"attribute_period": "2023-10", "attribute_quote-frequency": "End of Day"}, "display_price": 0.0, "display_regular_price": 0.0, "is_in_stock": true, "is_purchasable": true, "variation_id": 6800, "variation_is_active": true}, {"attributes": {"attribute_period": "2023-11", "attribute_quote-frequency": "End of Day"}, "display_price": 0.0, "display_regular_price": 0.0, "is_in_stock": true, "is_purchasable": true, "variation_id": 7121, "variation_is_active": true}, {"attributes": {"attribute_period": "2023-12", "attribute_quote-frequency": "End of Day"}, "display_price": 0.0, "display_regular_price": 0.0, "is_in_stock": true, "is_purchasable": true, "variation_id": 7380, "variation_is_active": true}, {"attributes": {"attribute_period": "2024-01", "attribute_quote-frequency": "End of Day"}, "display_price": 0.0, "display_regular_price": 0.0, "is_in_stock": true, "is_purchasable": true, "variation_id": 7849, "variation_is_active": true}, {"attributes": {"attribute_period": "2024-02", "attribute_quote-frequency": "End of Day"}, "display_price": 0.0, "display_regular_price": 0.0, "is_in_stock": true, "is_purchasable": true, "variation_id": 8239, "variation_is_active": true}, {"attributes": {"attribute_period": "2024-03", "attribute_quote-frequency": "End of Day"}, "display_price": 0.0, "display_regular_price": 0.0, "is_in_stock": true, "is_purchasable": true, "variation_id": 8938, "variation_is_active": true}, {"attributes": {"attribute_period": "2024-04", "attribute_quote-frequency": "End of Day"}, "display_price": 0.0, "display_regular_price": 0.0, "is_in_stock": true, "is_purchasable": true, "variation_id": 8945, "variation_is_active": true}, {"attributes": {"attribute_period": "2024-05", "attribute_quote-frequency": "End of Day"}, "display_price": 0.0, "display_regular_price": 0.0, "is_in_stock": true, "is_purchasable": true, "variation_id": 9084, "variation_is_active": true}, {"attributes": {"attribute_period": "2024-06", "attribute_quote-frequency": "End of Day"}, "display_price": 0.0, "display_regular_price": 0.0, "is_in_stock": true, "is_purchasable": true, "variation_id": 9515, "variation_is_active": true}, {"attributes": {"attribute_period": "2024-07", "attribute_quote-frequency": "End of Day"}, "display_price": 0.0, "display_regular_price": 0.0, "is_in_stock": true, "is_purchasable": true, "variation_id": 10107, "variation_is_active": true}, {"attributes": {"attribute_period": "2024-08", "attribute_quote-frequency": "End of Day"}, "display_price": 0.0, "display_regular_price": 0.0, "is_in_stock": true, "is_purchasable": true, "variation_id": 10323, "variation_is_active": true}, {"attributes": {"attribute_period": "2024-09", "attribute_quote-frequency": "End of Day"}, "display_price": 0.0, "display_regular_price": 0.0, "is_in_stock": true, "is_purchasable": true, "variation_id": 10722, "variation_is_active": true}]}
2026-10-01T13:05:30.4037221Z ##[group]Run python - <<'PY'
2026-10-01T13:05:30.4037855Z [36;1mpython - <<'PY'[0m
2026-10-01T13:05:30.4038203Z [36;1mimport json[0m
2026-10-01T13:05:30.4038532Z [36;1mx=json.load(open('optionsdx_full_variation_census_v01.json'))[0m
2026-10-01T13:05:30.4038954Z [36;1massert x['cash_spend_usd']==0[0m
2026-10-01T13:05:30.4039310Z [36;1massert x['cart_used'] is False and x['checkout_used'] is False[0m
2026-10-01T13:05:30.4039790Z [36;1massert x['account_created'] is False and x['order_created'] is False[0m
2026-10-01T13:05:30.4040323Z [36;1massert x['market_payload_opened'] is False and x['outcomes_opened'] is False[0m
2026-10-01T13:05:30.4040776Z [36;1mprint('CLASSIFICATION',x['classification'])[0m
2026-10-01T13:05:30.4041200Z [36;1mprint('RESOLVED',x['resolved_price_count'],'OF',x['lookup_count'])[0m
2026-10-01T13:05:30.4041617Z [36;1mprint('PRICES',x['distinct_display_prices'])[0m
2026-10-01T13:05:30.4042034Z [36;1mprint('ZERO_TOTAL',x['zero_price_variation_count'])[0m
2026-10-01T13:05:30.4042438Z [36;1mprint('ZERO_INTRADAY',x['zero_price_intraday_count'])[0m
2026-10-01T13:05:30.4042897Z [36;1mprint('ZERO_ROWS',json.dumps(x['zero_price_variations'],sort_keys=True))[0m
2026-10-01T13:05:30.4043324Z [36;1mPY[0m
2026-10-01T13:05:30.4115609Z shell: /usr/bin/bash -e {0}
2026-10-01T13:05:30.4115897Z env:
2026-10-01T13:05:30.4116188Z   pythonLocation: /opt/hostedtoolcache/Python/3.12.14/x64
2026-10-01T13:05:30.4116644Z   PKG_CONFIG_PATH: /opt/hostedtoolcache/Python/3.12.14/x64/lib/pkgconfig
2026-10-01T13:05:30.4117094Z   Python_ROOT_DIR: /opt/hostedtoolcache/Python/3.12.14/x64
2026-10-01T13:05:30.4117475Z   Python2_ROOT_DIR: /opt/hostedtoolcache/Python/3.12.14/x64
2026-10-01T13:05:30.4117976Z   Python3_ROOT_DIR: /opt/hostedtoolcache/Python/3.12.14/x64
2026-10-01T13:05:30.4118402Z   LD_LIBRARY_PATH: /opt/hostedtoolcache/Python/3.12.14/x64/lib
2026-10-01T13:05:30.4118733Z ##[endgroup]
2026-10-01T13:05:30.4414393Z CLASSIFICATION OPTIONSDX_ZERO_PRICE_EOD_ONLY
2026-10-01T13:05:30.4415189Z RESOLVED 200 OF 200
2026-10-01T13:05:30.4415571Z PRICES [0.0, 5.0, 10.0, 20.0, 25.0, 50.0]
2026-10-01T13:05:30.4416009Z ZERO_TOTAL 40
2026-10-01T13:05:30.4416360Z ZERO_INTRADAY 0
2026-10-01T13:05:30.4464420Z ZERO_ROWS [{"attributes": {"attribute_period": "2021-06", "attribute_quote-frequency": "End of Day"}, "display_price": 0.0, "display_regular_price": 0.0, "is_in_stock": true, "is_purchasable": true, "variation_id": 1570, "variation_is_active": true}, {"attributes": {"attribute_period": "2021-07", "attribute_quote-frequency": "End of Day"}, "display_price": 0.0, "display_regular_price": 0.0, "is_in_stock": true, "is_purchasable": true, "variation_id": 1575, "variation_is_active": true}, {"attributes": {"attribute_period": "2021-08", "attribute_quote-frequency": "End of Day"}, "display_price": 0.0, "display_regular_price": 0.0, "is_in_stock": true, "is_purchasable": true, "variation_id": 1580, "variation_is_active": true}, {"attributes": {"attribute_period": "2021-09", "attribute_quote-frequency": "End of Day"}, "display_price": 0.0, "display_regular_price": 0.0, "is_in_stock": true, "is_purchasable": true, "variation_id": 1585, "variation_is_active": true}, {"attributes": {"attribute_period": "2021-10", "attribute_quote-frequency": "End of Day"}, "display_price": 0.0, "display_regular_price": 0.0, "is_in_stock": true, "is_purchasable": true, "variation_id": 1590, "variation_is_active": true}, {"attributes": {"attribute_period": "2021-11", "attribute_quote-frequency": "End of Day"}, "display_price": 0.0, "display_regular_price": 0.0, "is_in_stock": true, "is_purchasable": true, "variation_id": 1595, "variation_is_active": true}, {"attributes": {"attribute_period": "2021-12", "attribute_quote-frequency": "End of Day"}, "display_price": 0.0, "display_regular_price": 0.0, "is_in_stock": true, "is_purchasable": true, "variation_id": 1600, "variation_is_active": true}, {"attributes": {"attribute_period": "2022-01", "attribute_quote-frequency": "End of Day"}, "display_price": 0.0, "display_regular_price": 0.0, "is_in_stock": true, "is_purchasable": true, "variation_id": 1861, "variation_is_active": true}, {"attributes": {"attribute_period": "2022-02", "attribute_quote-frequency": "End of Day"}, "display_price": 0.0, "display_regular_price": 0.0, "is_in_stock": true, "is_purchasable": true, "variation_id": 2103, "variation_is_active": true}, {"attributes": {"attribute_period": "2022-03", "attribute_quote-frequency": "End of Day"}, "display_price": 0.0, "display_regular_price": 0.0, "is_in_stock": true, "is_purchasable": true, "variation_id": 2263, "variation_is_active": true}, {"attributes": {"attribute_period": "2022-04", "attribute_quote-frequency": "End of Day"}, "display_price": 0.0, "display_regular_price": 0.0, "is_in_stock": true, "is_purchasable": true, "variation_id": 2528, "variation_is_active": true}, {"attributes": {"attribute_period": "2022-05", "attribute_quote-frequency": "End of Day"}, "display_price": 0.0, "display_regular_price": 0.0, "is_in_stock": true, "is_purchasable": true, "variation_id": 2668, "variation_is_active": true}, {"attributes": {"attribute_period": "2022-06", "attribute_quote-frequency": "End of Day"}, "display_price": 0.0, "display_regular_price": 0.0, "is_in_stock": true, "is_purchasable": true, "variation_id": 2876, "variation_is_active": true}, {"attributes": {"attribute_period": "2022-07", "attribute_quote-frequency": "End of Day"}, "display_price": 0.0, "display_regular_price": 0.0, "is_in_stock": true, "is_purchasable": true, "variation_id": 3332, "variation_is_active": true}, {"attributes": {"attribute_period": "2022-08", "attribute_quote-frequency": "End of Day"}, "display_price": 0.0, "display_regular_price": 0.0, "is_in_stock": true, "is_purchasable": true, "variation_id": 3338, "variation_is_active": true}, {"attributes": {"attribute_period": "2022-09", "attribute_quote-frequency": "End of Day"}, "display_price": 0.0, "display_regular_price": 0.0, "is_in_stock": true, "is_purchasable": true, "variation_id": 3344, "variation_is_active": true}, {"attributes": {"attribute_period": "2022-10", "attribute_quote-frequency": "End of Day"}, "display_price": 0.0, "display_regular_price": 0.0, "is_in_stock": true, "is_purchasable": true, "variation_id": 3530, "variation_is_active": true}, {"attributes": {"attribute_period": "2022-11", "attribute_quote-frequency": "End of Day"}, "display_price": 0.0, "display_regular_price": 0.0, "is_in_stock": true, "is_purchasable": true, "variation_id": 3755, "variation_is_active": true}, {"attributes": {"attribute_period": "2022-12", "attribute_quote-frequency": "End of Day"}, "display_price": 0.0, "display_regular_price": 0.0, "is_in_stock": true, "is_purchasable": true, "variation_id": 3982, "variation_is_active": true}, {"attributes": {"attribute_period": "2023-01", "attribute_quote-frequency": "End of Day"}, "display_price": 0.0, "display_regular_price": 0.0, "is_in_stock": true, "is_purchasable": true, "variation_id": 4318, "variation_is_active": true}, {"attributes": {"attribute_period": "2023-02", "attribute_quote-frequency": "End of Day"}, "display_price": 0.0, "display_regular_price": 0.0, "is_in_stock": true, "is_purchasable": true, "variation_id": 4558, "variation_is_active": true}, {"attributes": {"attribute_period": "2023-03", "attribute_quote-frequency": "End of Day"}, "display_price": 0.0, "display_regular_price": 0.0, "is_in_stock": true, "is_purchasable": true, "variation_id": 4891, "variation_is_active": true}, {"attributes": {"attribute_period": "2023-04", "attribute_quote-frequency": "End of Day"}, "display_price": 0.0, "display_regular_price": 0.0, "is_in_stock": true, "is_purchasable": true, "variation_id": 5134, "variation_is_active": true}, {"attributes": {"attribute_period": "2023-05", "attribute_quote-frequency": "End of Day"}, "display_price": 0.0, "display_regular_price": 0.0, "is_in_stock": true, "is_purchasable": true, "variation_id": 5388, "variation_is_active": true}, {"attributes": {"attribute_period": "2023-06", "attribute_quote-frequency": "End of Day"}, "display_price": 0.0, "display_regular_price": 0.0, "is_in_stock": true, "is_purchasable": true, "variation_id": 5640, "variation_is_active": true}, {"attributes": {"attribute_period": "2023-07", "attribute_quote-frequency": "End of Day"}, "display_price": 0.0, "display_regular_price": 0.0, "is_in_stock": true, "is_purchasable": true, "variation_id": 5945, "variation_is_active": true}, {"attributes": {"attribute_period": "2023-08", "attribute_quote-frequency": "End of Day"}, "display_price": 0.0, "display_regular_price": 0.0, "is_in_stock": true, "is_purchasable": true, "variation_id": 6185, "variation_is_active": true}, {"attributes": {"attribute_period": "2023-09", "attribute_quote-frequency": "End of Day"}, "display_price": 0.0, "display_regular_price": 0.0, "is_in_stock": true, "is_purchasable": true, "variation_id": 6512, "variation_is_active": true}, {"attributes": {"attribute_period": "2023-10", "attribute_quote-frequency": "End of Day"}, "display_price": 0.0, "display_regular_price": 0.0, "is_in_stock": true, "is_purchasable": true, "variation_id": 6800, "variation_is_active": true}, {"attributes": {"attribute_period": "2023-11", "attribute_quote-frequency": "End of Day"}, "display_price": 0.0, "display_regular_price": 0.0, "is_in_stock": true, "is_purchasable": true, "variation_id": 7121, "variation_is_active": true}, {"attributes": {"attribute_period": "2023-12", "attribute_quote-frequency": "End of Day"}, "display_price": 0.0, "display_regular_price": 0.0, "is_in_stock": true, "is_purchasable": true, "variation_id": 7380, "variation_is_active": true}, {"attributes": {"attribute_period": "2024-01", "attribute_quote-frequency": "End of Day"}, "display_price": 0.0, "display_regular_price": 0.0, "is_in_stock": true, "is_purchasable": true, "variation_id": 7849, "variation_is_active": true}, {"attributes": {"attribute_period": "2024-02", "attribute_quote-frequency": "End of Day"}, "display_price": 0.0, "display_regular_price": 0.0, "is_in_stock": true, "is_purchasable": true, "variation_id": 8239, "variation_is_active": true}, {"attributes": {"attribute_period": "2024-03", "attribute_quote-frequency": "End of Day"}, "display_price": 0.0, "display_regular_price": 0.0, "is_in_stock": true, "is_purchasable": true, "variation_id": 8938, "variation_is_active": true}, {"attributes": {"attribute_period": "2024-04", "attribute_quote-frequency": "End of Day"}, "display_price": 0.0, "display_regular_price": 0.0, "is_in_stock": true, "is_purchasable": true, "variation_id": 8945, "variation_is_active": true}, {"attributes": {"attribute_period": "2024-05", "attribute_quote-frequency": "End of Day"}, "display_price": 0.0, "display_regular_price": 0.0, "is_in_stock": true, "is_purchasable": true, "variation_id": 9084, "variation_is_active": true}, {"attributes": {"attribute_period": "2024-06", "attribute_quote-frequency": "End of Day"}, "display_price": 0.0, "display_regular_price": 0.0, "is_in_stock": true, "is_purchasable": true, "variation_id": 9515, "variation_is_active": true}, {"attributes": {"attribute_period": "2024-07", "attribute_quote-frequency": "End of Day"}, "display_price": 0.0, "display_regular_price": 0.0, "is_in_stock": true, "is_purchasable": true, "variation_id": 10107, "variation_is_active": true}, {"attributes": {"attribute_period": "2024-08", "attribute_quote-frequency": "End of Day"}, "display_price": 0.0, "display_regular_price": 0.0, "is_in_stock": true, "is_purchasable": true, "variation_id": 10323, "variation_is_active": true}, {"attributes": {"attribute_period": "2024-09", "attribute_quote-frequency": "End of Day"}, "display_price": 0.0, "display_regular_price": 0.0, "is_in_stock": true, "is_purchasable": true, "variation_id": 10722, "variation_is_active": true}]
2026-10-01T13:05:30.4551712Z ##[group]Run actions/upload-artifact@v4
2026-10-01T13:05:30.4552035Z with:
2026-10-01T13:05:30.4552326Z   name: BTC_OPTIONS_VRP_001_OPTIONSDX_FULL_VARIATION_CENSUS_V0_1
2026-10-01T13:05:30.4552708Z   path: optionsdx_full_variation_census_v01.json
2026-10-01T13:05:30.4553018Z   retention-days: 90
2026-10-01T13:05:30.4553254Z   if-no-files-found: warn
2026-10-01T13:05:30.4553499Z   compression-level: 6
2026-10-01T13:05:30.4553720Z   overwrite: false
2026-10-01T13:05:30.4553941Z   include-hidden-files: false
2026-10-01T13:05:30.4554185Z env:
2026-10-01T13:05:30.4554468Z   pythonLocation: /opt/hostedtoolcache/Python/3.12.14/x64
2026-10-01T13:05:30.4554914Z   PKG_CONFIG_PATH: /opt/hostedtoolcache/Python/3.12.14/x64/lib/pkgconfig
2026-10-01T13:05:30.4555350Z   Python_ROOT_DIR: /opt/hostedtoolcache/Python/3.12.14/x64
2026-10-01T13:05:30.4555739Z   Python2_ROOT_DIR: /opt/hostedtoolcache/Python/3.12.14/x64
2026-10-01T13:05:30.4556174Z   Python3_ROOT_DIR: /opt/hostedtoolcache/Python/3.12.14/x64
2026-10-01T13:05:30.4556564Z   LD_LIBRARY_PATH: /opt/hostedtoolcache/Python/3.12.14/x64/lib
2026-10-01T13:05:30.4556893Z ##[endgroup]
2026-10-01T13:05:30.6262607Z (node:2329) [DEP0040] DeprecationWarning: The `punycode` module is deprecated. Please use a userland alternative instead.
2026-10-01T13:05:30.6263896Z (Use `node --trace-deprecation ...` to show where the warning was created)
2026-10-01T13:05:30.6312817Z With the provided path, there will be 1 file uploaded
2026-10-01T13:05:30.6329307Z Artifact name is valid!
2026-10-01T13:05:30.6349015Z Root directory input is valid!
2026-10-01T13:05:30.8439497Z Beginning upload of artifact content to blob storage
2026-10-01T13:05:30.8694793Z (node:2329) [DEP0169] DeprecationWarning: `url.parse()` behavior is not standardized and prone to errors that have security implications. Use the WHATWG URL API instead. CVEs are not issued for `url.parse()` vulnerabilities.
2026-10-01T13:05:30.9134203Z Uploaded bytes 1015
2026-10-01T13:05:30.9332323Z Finished uploading artifact content to blob storage!
2026-10-01T13:05:30.9333441Z SHA256 digest of uploaded artifact zip is 827a477a6a0e2790e421ec488077b34e2d3738b4099fc93fcea0319fa08d1477
2026-10-01T13:05:30.9338658Z Finalizing artifact upload
2026-10-01T13:05:31.1748942Z Artifact BTC_OPTIONS_VRP_001_OPTIONSDX_FULL_VARIATION_CENSUS_V0_1.zip successfully finalized. Artifact ID 11164361056
2026-10-01T13:05:31.1749964Z Artifact BTC_OPTIONS_VRP_001_OPTIONSDX_FULL_VARIATION_CENSUS_V0_1 has been successfully uploaded! Final size is 1015 bytes. Artifact ID is 11164361056
2026-10-01T13:05:31.1750958Z Artifact download URL: https://github.com/joseluisvieira28-oss/Laboratorio/actions/runs/36280520823/artifacts/11164361056
2026-10-01T13:05:31.1948949Z Post job cleanup.
2026-10-01T13:05:31.3212787Z (node:2341) [DEP0040] DeprecationWarning: The `punycode` module is deprecated. Please use a userland alternative instead.
2026-10-01T13:05:31.3213980Z (Use `node --trace-deprecation ...` to show where the warning was created)
2026-10-01T13:05:31.3430949Z Post job cleanup.
2026-10-01T13:05:31.4362349Z [command]/usr/bin/git version
2026-10-01T13:05:31.4407064Z git version 2.55.0
2026-10-01T13:05:31.4446548Z Temporarily overriding HOME='/home/runner/work/_temp/edc3c151-909a-4553-9c1a-191bac4570b2' before making global git config changes
2026-10-01T13:05:31.4448238Z Adding repository directory to the temporary git global config as a safe directory
2026-10-01T13:05:31.4452694Z [command]/usr/bin/git config --global --add safe.directory /home/runner/work/Laboratorio/Laboratorio
2026-10-01T13:05:31.4499466Z [command]/usr/bin/git config --local --name-only --get-regexp core\.sshCommand
2026-10-01T13:05:31.4550553Z [command]/usr/bin/git submodule foreach --recursive sh -c "git config --local --name-only --get-regexp 'core\.sshCommand' && git config --local --unset-all 'core.sshCommand' || :"
2026-10-01T13:05:31.4820034Z [command]/usr/bin/git config --local --name-only --get-regexp http\.https\:\/\/github\.com\/\.extraheader
2026-10-01T13:05:31.4852193Z http.https://github.com/.extraheader
2026-10-01T13:05:31.4872296Z [command]/usr/bin/git config --local --unset-all http.https://github.com/.extraheader
2026-10-01T13:05:31.4915502Z [command]/usr/bin/git submodule foreach --recursive sh -c "git config --local --name-only --get-regexp 'http\.https\:\/\/github\.com\/\.extraheader' && git config --local --unset-all 'http.https://github.com/.extraheader' || :"
2026-10-01T13:05:31.5174900Z [command]/usr/bin/git config --local --name-only --get-regexp ^includeIf\.gitdir:
2026-10-01T13:05:31.5214505Z [command]/usr/bin/git submodule foreach --recursive git config --local --show-origin --name-only --get-regexp remote.origin.url
2026-10-01T13:05:31.5652576Z Cleaning up orphan processes
2026-10-01T13:05:31.5958012Z ##[warning]Node.js 20 is deprecated. The following actions target Node.js 20 but are being forced to run on Node.js 24: actions/checkout@v4, actions/setup-python@v5, actions/upload-artifact@v4. For more information see: https://github.blog/changelog/2025-09-19-deprecation-of-node-20-on-github-actions-runners/

